{
  "cmd": "/home/kavi/mit/stitch/target/debug/deps/integration_tests-21175b69aaefd7be",
  "args": {
    "iterations": 10,
    "abstraction_prefix": "fn_",
    "previous_abstractions": 9,
    "shuffle": false,
    "truncate": null,
    "no_opt": false,
    "silent": false,
    "verbose_rewrite": false,
    "step": {
      "max_arity": 3,
      "threads": 1,
      "no_stats": false,
      "batch": 1,
      "dynamic_batch": false,
      "eta_long": false,
      "no_curried_metavars": false,
      "no_curried_bodies": false,
      "inv_candidates": 1,
      "hole_choice": "DepthFirst",
      "cost": {
        "cost_lam": 1,
        "cost_app": 1,
        "cost_var": 100,
        "cost_ivar": 100,
        "cost_prim_default": 100,
        "cost_prim": "{}"
      },
      "no_mismatch_check": false,
      "follow": null,
      "follow_types": null,
      "follow_prune": false,
      "verbose_worklist": false,
      "verbose_best": false,
      "print_stats": 0,
      "show_rewritten": false,
      "rewritten_dreamcoder": false,
      "rewritten_intermediates": false,
      "inv_arg_cap": false,
      "allow_single_task": false,
      "no_opt_single_use": false,
      "no_opt_upper_bound": false,
      "no_opt_force_multiuse": false,
      "no_opt_useless_abstract": false,
      "no_opt_arity_zero": false,
      "no_other_util": false,
      "structure_penalty": 1.0,
      "rewrite_check": true,
      "utility_by_rewrite": false,
      "dreamcoder_comparison": false,
      "quiet": false,
      "fused_lambda_tags": {
        "tags": null
      },
      "tdfa": {
        "tdfa_json_path": null,
        "tdfa_root": null,
        "valid_metavars": null,
        "valid_roots": null,
        "tdfa_non_eta_long_states": null,
        "tdfa_split": null
      },
      "symvar": {
        "symvar_prefix": null
      }
    }
  },
  "original_cost": 9923,
  "final_cost": 6257,
  "compression_ratio": 1.5859037877577113,
  "num_abstractions": 8,
  "original": [
    "(lam (dreamcoder_abstraction_0 $0 (lam (lam (+ $1 1))) 0))",
    "(lam (dreamcoder_abstraction_2 $0))",
    "(lam (dreamcoder_abstraction_0 (cdr $0) (lam (lam (+ $1 1))) 1))",
    "(lam (dreamcoder_abstraction_0 (cdr $0) (lam (lam (+ 1 $1))) 1))",
    "(lam (fix1 $0 (lam (lam (dreamcoder_abstraction_0 $0 (lam (lam (+ ($3 (cdr $2)) 1))) 0)))))",
    "(lam (dreamcoder_abstraction_3 $0 (lam (dreamcoder_abstraction_2 $0))))",
    "(lam (dreamcoder_abstraction_3 $0 (lam (dreamcoder_abstraction_2 (dreamcoder_abstraction_7 (dreamcoder_abstraction_2 $0))))))",
    "(lam (dreamcoder_abstraction_3 (dreamcoder_abstraction_3 $0 (lam (dreamcoder_abstraction_2 $0))) (lam $0)))",
    "(lam (dreamcoder_abstraction_3 $0 (lam (dreamcoder_abstraction_2 (dreamcoder_abstraction_3 $0 (lam 0))))))",
    "(lam (dreamcoder_abstraction_3 $0 (lam (dreamcoder_abstraction_2 (dreamcoder_abstraction_3 $0 (lam 1))))))",
    "(lam (dreamcoder_abstraction_5 (lam (gt? 1 $0)) $0))",
    "(lam (dreamcoder_abstraction_5 (lam (eq? $0 0)) $0))",
    "(lam (dreamcoder_abstraction_5 (lam (eq? 0 $0)) $0))",
    "(lam (dreamcoder_abstraction_5 (lam (empty? (dreamcoder_abstraction_7 $0))) $0))",
    "(lam (dreamcoder_abstraction_5 (lam (eq? $0 (dreamcoder_abstraction_2 empty))) $0))",
    "(lam (dreamcoder_abstraction_5 (lam (gt? $0 1)) $0))",
    "(lam (dreamcoder_abstraction_5 (lam (gt? (- $0 1) 0)) $0))",
    "(lam (dreamcoder_abstraction_5 (lam (gt? 0 (- 1 $0))) $0))",
    "(lam (dreamcoder_abstraction_5 (lam (gt? $0 1)) (dreamcoder_abstraction_3 $0 (lam $0))))",
    "(lam (dreamcoder_abstraction_3 (dreamcoder_abstraction_5 (lam (gt? $0 1)) $0) (lam $0)))",
    "(lam (dreamcoder_abstraction_1 $0 (lam (- $0 1)) (lam (+ 1 $0)) (lam (eq? 0 $0))))",
    "(lam (dreamcoder_abstraction_8 (lam (+ $1 $0)) 1))",
    "(lam (dreamcoder_abstraction_1 (+ $0 1) (lam (- $0 1)) (lam $0) (lam (eq? 1 $0))))",
    "(lam (dreamcoder_abstraction_8 (lam (+ $0 $1)) 1))",
    "(lam (dreamcoder_abstraction_1 (+ 1 $0) (lam (- $0 1)) (lam $0) (lam (eq? 1 $0))))",
    "(lam (dreamcoder_abstraction_1 $0 (lam (+ $0 1)) (lam (- 0 $0)) (lam (eq? 0 $0))))",
    "(lam (dreamcoder_abstraction_1 $0 (lam (+ 1 $0)) (lam (- 0 $0)) (lam (eq? $0 0))))",
    "(lam (dreamcoder_abstraction_1 $0 (lam (+ 1 $0)) (lam (- 0 $0)) (lam (eq? 0 $0))))",
    "(lam (dreamcoder_abstraction_8 (lam (- $0 $1)) 0))",
    "(lam (dreamcoder_abstraction_1 (- 0 $0) (lam (- $0 1)) (lam $0) (lam (eq? 0 $0))))",
    "(lam (dreamcoder_abstraction_4 (lam (cdr $0)) $0 (lam (empty? $0))))",
    "(lam (fix1 $0 (lam (lam (dreamcoder_abstraction_0 $0 (lam (lam (cons $0 ($3 (cdr (cdr $2)))))) empty)))))",
    "(lam (fix1 $0 (lam (lam (dreamcoder_abstraction_0 $0 (lam (lam (cons $0 ($3 (cdr (cdr $2)))))) $0)))))",
    "(lam (fix1 $0 (lam (lam (dreamcoder_abstraction_0 $0 (lam (lam (cons (car $2) ($3 (cdr (cdr $2)))))) empty)))))",
    "(lam (fix1 $0 (lam (lam (if (empty? $0) empty (cons (car $0) ($1 (cdr (cdr $0)))))))))",
    "(lam (dreamcoder_abstraction_1 $0 (lam (cdr $0)) (lam (car $0)) (lam (empty? (cdr $0)))))",
    "(lam (dreamcoder_abstraction_4 (lam (dreamcoder_abstraction_3 $0 (lam $0))) $0 (lam (empty? (cdr $0)))))",
    "(lam (dreamcoder_abstraction_1 $0 (lam (cdr (dreamcoder_abstraction_3 $0 (lam $0)))) (lam (car $0)) (lam (empty? (cdr $0)))))",
    "(lam (fix1 $0 (lam (lam (dreamcoder_abstraction_0 (cdr $0) (lam (lam (cons (car $2) ($3 (cdr $2))))) empty)))))",
    "(lam (fix1 $0 (lam (lam (if (empty? (cdr $0)) empty (cons (car $0) ($1 (cdr $0))))))))",
    "(lam (dreamcoder_abstraction_7 $0))",
    "(lam (dreamcoder_abstraction_7 (dreamcoder_abstraction_2 (dreamcoder_abstraction_7 $0))))",
    "(lam (dreamcoder_abstraction_3 (dreamcoder_abstraction_7 $0) (lam $0)))",
    "(lam (dreamcoder_abstraction_7 (+ $0 (dreamcoder_abstraction_2 empty))))",
    "(lam (dreamcoder_abstraction_7 (+ (dreamcoder_abstraction_2 empty) $0)))",
    "(lam (dreamcoder_abstraction_7 (+ $0 1)))",
    "(lam (dreamcoder_abstraction_7 (+ 1 $0)))",
    "(lam (dreamcoder_abstraction_7 (- $0 (- 0 1))))",
    "(lam (dreamcoder_abstraction_7 (- 1 (- 0 $0))))",
    "(lam (dreamcoder_abstraction_7 (+ (dreamcoder_abstraction_2 (dreamcoder_abstraction_7 1)) $0)))",
    "(lam (lam (car (dreamcoder_abstraction_0 (dreamcoder_abstraction_7 $1) (lam (lam (cdr $1))) $0))))",
    "(lam (lam (car (dreamcoder_abstraction_0 (dreamcoder_abstraction_8 (lam $2) 0) (lam (lam (cdr $1))) $0))))",
    "(lam (lam (dreamcoder_abstraction_0 (dreamcoder_abstraction_0 (dreamcoder_abstraction_7 $1) (lam (lam (cdr $1))) $0) (lam (lam $0)) $1)))",
    "(lam (lam (dreamcoder_abstraction_2 (dreamcoder_abstraction_7 (car (dreamcoder_abstraction_0 (dreamcoder_abstraction_7 $1) (lam (lam (cdr $1))) $0))))))",
    "(lam (lam (car (dreamcoder_abstraction_0 (dreamcoder_abstraction_7 (dreamcoder_abstraction_2 (dreamcoder_abstraction_7 $1))) (lam (lam (cdr $1))) $0))))",
    "(lam (lam (car (dreamcoder_abstraction_0 (cdr (dreamcoder_abstraction_7 $1)) (lam (lam (cdr $1))) $0))))",
    "(lam (lam (car (dreamcoder_abstraction_0 (dreamcoder_abstraction_8 (lam $2) 1) (lam (lam (cdr $1))) $0))))",
    "(lam (lam (car (dreamcoder_abstraction_0 (dreamcoder_abstraction_7 (- $1 1)) (lam (lam (cdr $1))) $0))))",
    "(lam (lam (car (dreamcoder_abstraction_0 (dreamcoder_abstraction_7 $1) (lam (lam (cdr $1))) (cons $1 $0)))))",
    "(lam (lam (car (dreamcoder_abstraction_0 (dreamcoder_abstraction_7 $1) (lam (lam (cdr $1))) (cons 0 $0)))))",
    "(lam (dreamcoder_abstraction_0 $0 (lam (lam (cons $0 (cons $0 $1)))) empty))",
    "(lam (dreamcoder_abstraction_0 $0 (lam (lam (cons $0 (cons $0 $1)))) (dreamcoder_abstraction_3 empty (lam $0))))",
    "(lam (dreamcoder_abstraction_0 $0 (lam (lam (cons $0 (cons $0 $1)))) (dreamcoder_abstraction_3 empty (lam 0))))",
    "(lam (dreamcoder_abstraction_0 $0 (lam (lam (cons $0 (cons $0 $1)))) (dreamcoder_abstraction_3 empty (lam 1))))",
    "(lam (dreamcoder_abstraction_0 $0 (lam (lam (cons $0 (cons $0 (dreamcoder_abstraction_3 $1 (lam $0)))))) empty))",
    "(lam (dreamcoder_abstraction_0 $0 (lam (lam (+ $0 $1))) 0))",
    "(lam (dreamcoder_abstraction_0 $0 (lam (lam (+ $1 $0))) 0))",
    "(lam (dreamcoder_abstraction_0 $0 (lam (lam (- $0 (- 0 $1)))) 0))",
    "(lam (fix1 $0 (lam (lam (dreamcoder_abstraction_0 $0 (lam (lam (+ $0 ($3 (cdr $2))))) 0)))))",
    "(lam (fix1 $0 (lam (lam (dreamcoder_abstraction_0 $0 (lam (lam (+ ($3 (cdr $2)) $0))) 0)))))",
    "(lam (dreamcoder_abstraction_0 $0 (lam (lam (cons $0 $1))) (cons 0 empty)))",
    "(lam (dreamcoder_abstraction_0 $0 (lam (lam (cons $0 $1))) (cons (- 1 1) empty)))",
    "(lam (dreamcoder_abstraction_0 $0 (lam (lam (cons $0 $1))) (cons 0 (dreamcoder_abstraction_3 empty (lam $0)))))",
    "(lam (dreamcoder_abstraction_0 $0 (lam (lam (cons $0 $1))) (cons 0 (dreamcoder_abstraction_3 empty (lam 0)))))",
    "(lam (dreamcoder_abstraction_0 $0 (lam (lam (cons $0 $1))) (cons 0 (dreamcoder_abstraction_3 empty (lam 1)))))",
    "(lam (dreamcoder_abstraction_3 $0 (lam (+ $0 $0))))",
    "(lam (dreamcoder_abstraction_3 $0 (lam (- $0 (- 0 $0)))))",
    "(lam (dreamcoder_abstraction_3 (dreamcoder_abstraction_3 $0 (lam (+ $0 $0))) (lam $0)))",
    "(lam (dreamcoder_abstraction_3 (dreamcoder_abstraction_3 $0 (lam $0)) (lam (+ $0 $0))))",
    "(lam (dreamcoder_abstraction_3 $0 (lam (+ $0 (dreamcoder_abstraction_0 empty (lam (lam 0)) $0)))))",
    "(lam (dreamcoder_abstraction_3 $0 (lam (+ $0 1))))",
    "(lam (dreamcoder_abstraction_3 $0 (lam (+ 1 $0))))",
    "(lam (dreamcoder_abstraction_3 $0 (lam (- $0 (- 0 1)))))",
    "(lam (dreamcoder_abstraction_3 $0 (lam (- 1 (- 0 $0)))))",
    "(lam (dreamcoder_abstraction_3 (dreamcoder_abstraction_3 $0 (lam (+ 1 $0))) (lam $0)))",
    "(lam (dreamcoder_abstraction_3 $0 (lam (- 0 $0))))",
    "(lam (dreamcoder_abstraction_3 $0 (lam (- $0 (+ $0 $0)))))",
    "(lam (dreamcoder_abstraction_3 $0 (lam (- (- $0 $0) $0))))",
    "(lam (dreamcoder_abstraction_3 $0 (lam (- 1 (+ $0 1)))))",
    "(lam (dreamcoder_abstraction_3 $0 (lam (- 1 (+ 1 $0)))))"
  ],
  "rewritten": [
    "(lam (dreamcoder_abstraction_0 $0 (lam (lam (+ $1 1))) 0))",
    "(lam (dreamcoder_abstraction_2 $0))",
    "(lam (dreamcoder_abstraction_0 (cdr $0) (lam (lam (+ $1 1))) 1))",
    "(lam (dreamcoder_abstraction_0 (cdr $0) (lam (lam (fn_16 $1))) 1))",
    "(lam (fix1 $0 (lam (lam (dreamcoder_abstraction_0 $0 (lam (lam (+ ($3 (cdr $2)) 1))) 0)))))",
    "(fn_12 dreamcoder_abstraction_2)",
    "(fn_10 (lam (dreamcoder_abstraction_2 (dreamcoder_abstraction_7 (dreamcoder_abstraction_2 $0)))))",
    "(lam (dreamcoder_abstraction_3 (dreamcoder_abstraction_3 $0 (lam (dreamcoder_abstraction_2 $0))) (lam $0)))",
    "(fn_10 (lam (dreamcoder_abstraction_2 (dreamcoder_abstraction_3 $0 (lam 0)))))",
    "(fn_10 (lam (dreamcoder_abstraction_2 (dreamcoder_abstraction_3 $0 (lam 1)))))",
    "(lam (dreamcoder_abstraction_5 (lam (gt? 1 $0)) $0))",
    "(fn_13 0 eq?)",
    "(lam (dreamcoder_abstraction_5 (lam (eq? 0 $0)) $0))",
    "(lam (dreamcoder_abstraction_5 (lam (empty? (dreamcoder_abstraction_7 $0))) $0))",
    "(fn_13 (dreamcoder_abstraction_2 empty) eq?)",
    "(fn_13 1 gt?)",
    "(lam (dreamcoder_abstraction_5 (lam (gt? (- $0 1) 0)) $0))",
    "(lam (dreamcoder_abstraction_5 (lam (gt? 0 (- 1 $0))) $0))",
    "(lam (dreamcoder_abstraction_5 (lam (gt? $0 1)) (dreamcoder_abstraction_3 $0 (lam $0))))",
    "(lam (dreamcoder_abstraction_3 (dreamcoder_abstraction_5 (lam (gt? $0 1)) $0) (lam $0)))",
    "(lam (dreamcoder_abstraction_1 $0 (lam (- $0 1)) (lam (fn_16 $0)) (lam (eq? 0 $0))))",
    "(lam (dreamcoder_abstraction_8 (lam (+ $1 $0)) 1))",
    "(lam (dreamcoder_abstraction_1 (+ $0 1) (lam (- $0 1)) (lam $0) (lam (eq? 1 $0))))",
    "(fn_14 1 +)",
    "(lam (dreamcoder_abstraction_1 (fn_16 $0) (lam (- $0 1)) (lam $0) (lam (eq? 1 $0))))",
    "(lam (dreamcoder_abstraction_1 $0 (lam (+ $0 1)) (lam (- 0 $0)) (lam (eq? 0 $0))))",
    "(lam (dreamcoder_abstraction_1 $0 (lam (fn_16 $0)) (lam (- 0 $0)) (lam (eq? $0 0))))",
    "(lam (dreamcoder_abstraction_1 $0 (lam (fn_16 $0)) (lam (- 0 $0)) (lam (eq? 0 $0))))",
    "(fn_14 0 -)",
    "(lam (dreamcoder_abstraction_1 (- 0 $0) (lam (- $0 1)) (lam $0) (lam (eq? 0 $0))))",
    "(lam (dreamcoder_abstraction_4 (lam (cdr $0)) $0 (lam (empty? $0))))",
    "(lam (fix1 $0 (lam (lam (dreamcoder_abstraction_0 $0 (lam (lam (cons $0 ($3 (cdr (cdr $2)))))) empty)))))",
    "(lam (fix1 $0 (lam (lam (dreamcoder_abstraction_0 $0 (lam (lam (cons $0 ($3 (cdr (cdr $2)))))) $0)))))",
    "(lam (fix1 $0 (lam (lam (dreamcoder_abstraction_0 $0 (lam (lam (cons (car $2) ($3 (cdr (cdr $2)))))) empty)))))",
    "(lam (fix1 $0 (lam (lam (if (empty? $0) empty (cons (car $0) ($1 (cdr (cdr $0)))))))))",
    "(lam (dreamcoder_abstraction_1 $0 (lam (cdr $0)) (lam (car $0)) (lam (empty? (cdr $0)))))",
    "(lam (dreamcoder_abstraction_4 (fn_10 (lam $0)) $0 (lam (empty? (cdr $0)))))",
    "(lam (dreamcoder_abstraction_1 $0 (lam (cdr (dreamcoder_abstraction_3 $0 (lam $0)))) (lam (car $0)) (lam (empty? (cdr $0)))))",
    "(lam (fix1 $0 (lam (lam (dreamcoder_abstraction_0 (cdr $0) (lam (lam (cons (car $2) ($3 (cdr $2))))) empty)))))",
    "(lam (fix1 $0 (lam (lam (if (empty? (cdr $0)) empty (cons (car $0) ($1 (cdr $0))))))))",
    "(lam (dreamcoder_abstraction_7 $0))",
    "(lam (dreamcoder_abstraction_7 (dreamcoder_abstraction_2 (dreamcoder_abstraction_7 $0))))",
    "(lam (dreamcoder_abstraction_3 (dreamcoder_abstraction_7 $0) (lam $0)))",
    "(lam (dreamcoder_abstraction_7 (+ $0 (dreamcoder_abstraction_2 empty))))",
    "(lam (dreamcoder_abstraction_7 (+ (dreamcoder_abstraction_2 empty) $0)))",
    "(lam (dreamcoder_abstraction_7 (+ $0 1)))",
    "(lam (dreamcoder_abstraction_7 (fn_16 $0)))",
    "(lam (dreamcoder_abstraction_7 (- $0 (- 0 1))))",
    "(lam (dreamcoder_abstraction_7 (- 1 (- 0 $0))))",
    "(lam (dreamcoder_abstraction_7 (+ (dreamcoder_abstraction_2 (dreamcoder_abstraction_7 1)) $0)))",
    "(lam (lam (car (dreamcoder_abstraction_0 (dreamcoder_abstraction_7 $1) (lam (lam (cdr $1))) $0))))",
    "(fn_9 0)",
    "(lam (lam (dreamcoder_abstraction_0 (dreamcoder_abstraction_0 (dreamcoder_abstraction_7 $1) (lam (lam (cdr $1))) $0) (lam (lam $0)) $1)))",
    "(lam (lam (dreamcoder_abstraction_2 (dreamcoder_abstraction_7 (car (dreamcoder_abstraction_0 (dreamcoder_abstraction_7 $1) (lam (lam (cdr $1))) $0))))))",
    "(lam (lam (car (dreamcoder_abstraction_0 (dreamcoder_abstraction_7 (dreamcoder_abstraction_2 (dreamcoder_abstraction_7 $1))) (lam (lam (cdr $1))) $0))))",
    "(lam (lam (car (dreamcoder_abstraction_0 (cdr (dreamcoder_abstraction_7 $1)) (lam (lam (cdr $1))) $0))))",
    "(fn_9 1)",
    "(lam (lam (car (dreamcoder_abstraction_0 (dreamcoder_abstraction_7 (- $1 1)) (lam (lam (cdr $1))) $0))))",
    "(lam (lam (car (dreamcoder_abstraction_0 (dreamcoder_abstraction_7 $1) (lam (lam (cdr $1))) (cons $1 $0)))))",
    "(lam (lam (car (dreamcoder_abstraction_0 (dreamcoder_abstraction_7 $1) (lam (lam (cdr $1))) (cons 0 $0)))))",
    "(lam (dreamcoder_abstraction_0 $0 (lam (lam (fn_15 $1 (cons $0)))) empty))",
    "(lam (dreamcoder_abstraction_0 $0 (lam (lam (fn_15 $1 (cons $0)))) (dreamcoder_abstraction_3 empty (lam $0))))",
    "(lam (dreamcoder_abstraction_0 $0 (lam (lam (fn_15 $1 (cons $0)))) (dreamcoder_abstraction_3 empty (lam 0))))",
    "(lam (dreamcoder_abstraction_0 $0 (lam (lam (fn_15 $1 (cons $0)))) (dreamcoder_abstraction_3 empty (lam 1))))",
    "(lam (dreamcoder_abstraction_0 $0 (lam (lam (fn_15 (dreamcoder_abstraction_3 $1 (lam $0)) (cons $0)))) empty))",
    "(fn_11 0 +)",
    "(lam (dreamcoder_abstraction_0 $0 (lam (lam (+ $1 $0))) 0))",
    "(lam (dreamcoder_abstraction_0 $0 (lam (lam (- $0 (- 0 $1)))) 0))",
    "(lam (fix1 $0 (lam (lam (dreamcoder_abstraction_0 $0 (lam (lam (+ $0 ($3 (cdr $2))))) 0)))))",
    "(lam (fix1 $0 (lam (lam (dreamcoder_abstraction_0 $0 (lam (lam (+ ($3 (cdr $2)) $0))) 0)))))",
    "(fn_11 (cons 0 empty) cons)",
    "(fn_11 (cons (- 1 1) empty) cons)",
    "(fn_11 (cons 0 (dreamcoder_abstraction_3 empty (lam $0))) cons)",
    "(fn_11 (cons 0 (dreamcoder_abstraction_3 empty (lam 0))) cons)",
    "(fn_11 (cons 0 (dreamcoder_abstraction_3 empty (lam 1))) cons)",
    "(fn_10 (lam (+ $0 $0)))",
    "(fn_10 (lam (- $0 (- 0 $0))))",
    "(lam (dreamcoder_abstraction_3 (dreamcoder_abstraction_3 $0 (lam (+ $0 $0))) (lam $0)))",
    "(lam (dreamcoder_abstraction_3 (dreamcoder_abstraction_3 $0 (lam $0)) (lam (+ $0 $0))))",
    "(fn_10 (lam (+ $0 (dreamcoder_abstraction_0 empty (lam (lam 0)) $0))))",
    "(fn_10 (lam (+ $0 1)))",
    "(fn_12 fn_16)",
    "(fn_10 (lam (- $0 (- 0 1))))",
    "(fn_10 (lam (- 1 (- 0 $0))))",
    "(lam (dreamcoder_abstraction_3 (dreamcoder_abstraction_3 $0 (lam (fn_16 $0))) (lam $0)))",
    "(fn_12 (- 0))",
    "(fn_10 (lam (- $0 (+ $0 $0))))",
    "(fn_10 (lam (- (- $0 $0) $0)))",
    "(fn_10 (lam (- 1 (+ $0 1))))",
    "(fn_10 (lam (- 1 (fn_16 $0))))"
  ],
  "rewritten_dreamcoder": null,
  "abstractions": [
    {
      "body": "(lam (lam (car (dreamcoder_abstraction_0 (dreamcoder_abstraction_8 (lam $2) #0) (lam (lam (cdr $1))) $0))))",
      "dreamcoder": "#(lambda (lambda (lambda (car (#(lambda (lambda (lambda (fix1 $2 (lambda (lambda (if (empty? $0) $2 ($3 ($1 (cdr $0)) (car $0))))))))) (#(lambda (lambda (#(lambda (lambda (lambda (#(lambda (lambda (lambda (lambda (fix1 $3 (lambda (lambda (if ($2 $0) empty (cons ($3 $0) ($1 ($4 $0))))))))))) $1 (lambda ($3 $0 1)) (lambda $0) (lambda (eq? $0 $1)))))) (lambda (lambda (- $1 $0))) ($1 $0) $0))) (lambda $2) $2) (lambda (lambda (cdr $1))) $0)))))",
      "arity": 1,
      "name": "fn_9",
      "utility": 407,
      "final_cost": 8804,
      "compression_ratio": 1.1271013175829168,
      "cumulative_compression_ratio": 1.1271013175829168,
      "num_uses": 2,
      "rewritten": null,
      "rewritten_dreamcoder": null,
      "uses": [
        {
          "fn_9 0": "(lam (lam (car (dreamcoder_abstraction_0 (dreamcoder_abstraction_8 (lam $2) 0) (lam (lam (cdr $1))) $0))))"
        },
        {
          "fn_9 1": "(lam (lam (car (dreamcoder_abstraction_0 (dreamcoder_abstraction_8 (lam $2) 1) (lam (lam (cdr $1))) $0))))"
        }
      ],
      "dc_comparison_millis": null,
      "tdfa_annotation": null,
      "variable_types": [
        "M"
      ]
    },
    {
      "body": "(lam (dreamcoder_abstraction_3 $0 #0))",
      "dreamcoder": "#(lambda (lambda (#(lambda (lambda (#(lambda (lambda (lambda (fix1 $2 (lambda (lambda (if (empty? $0) $2 ($3 ($1 (cdr $0)) (car $0))))))))) $1 (lambda (lambda (cons ($2 $0) $1))) empty))) $0 $1)))",
      "arity": 1,
      "name": "fn_10",
      "utility": 307,
      "final_cost": 8294,
      "compression_ratio": 1.061490233904027,
      "cumulative_compression_ratio": 1.1964070412346275,
      "num_uses": 17,
      "rewritten": null,
      "rewritten_dreamcoder": null,
      "uses": [
        {
          "fn_10 (lam $0)": "(lam (dreamcoder_abstraction_3 $0 (lam $0)))"
        },
        {
          "fn_10 (lam (+ $0 $0))": "(lam (dreamcoder_abstraction_3 $0 (lam (+ $0 $0))))"
        },
        {
          "fn_10 (lam (+ $0 (dreamcoder_abstraction_0 empty (lam (lam 0)) $0)))": "(lam (dreamcoder_abstraction_3 $0 (lam (+ $0 (dreamcoder_abstraction_0 empty (lam (lam 0)) $0)))))"
        },
        {
          "fn_10 (lam (+ $0 1))": "(lam (dreamcoder_abstraction_3 $0 (lam (+ $0 1))))"
        },
        {
          "fn_10 (lam (+ 1 $0))": "(lam (dreamcoder_abstraction_3 $0 (lam (+ 1 $0))))"
        },
        {
          "fn_10 (lam (- $0 (+ $0 $0)))": "(lam (dreamcoder_abstraction_3 $0 (lam (- $0 (+ $0 $0)))))"
        },
        {
          "fn_10 (lam (- $0 (- 0 $0)))": "(lam (dreamcoder_abstraction_3 $0 (lam (- $0 (- 0 $0)))))"
        },
        {
          "fn_10 (lam (- $0 (- 0 1)))": "(lam (dreamcoder_abstraction_3 $0 (lam (- $0 (- 0 1)))))"
        },
        {
          "fn_10 (lam (- (- $0 $0) $0))": "(lam (dreamcoder_abstraction_3 $0 (lam (- (- $0 $0) $0))))"
        },
        {
          "fn_10 (lam (- 0 $0))": "(lam (dreamcoder_abstraction_3 $0 (lam (- 0 $0))))"
        },
        {
          "fn_10 (lam (- 1 (+ $0 1)))": "(lam (dreamcoder_abstraction_3 $0 (lam (- 1 (+ $0 1)))))"
        },
        {
          "fn_10 (lam (- 1 (+ 1 $0)))": "(lam (dreamcoder_abstraction_3 $0 (lam (- 1 (+ 1 $0)))))"
        },
        {
          "fn_10 (lam (- 1 (- 0 $0)))": "(lam (dreamcoder_abstraction_3 $0 (lam (- 1 (- 0 $0)))))"
        },
        {
          "fn_10 (lam (dreamcoder_abstraction_2 $0))": "(lam (dreamcoder_abstraction_3 $0 (lam (dreamcoder_abstraction_2 $0))))"
        },
        {
          "fn_10 (lam (dreamcoder_abstraction_2 (dreamcoder_abstraction_3 $0 (lam 0))))": "(lam (dreamcoder_abstraction_3 $0 (lam (dreamcoder_abstraction_2 (dreamcoder_abstraction_3 $0 (lam 0))))))"
        },
        {
          "fn_10 (lam (dreamcoder_abstraction_2 (dreamcoder_abstraction_3 $0 (lam 1))))": "(lam (dreamcoder_abstraction_3 $0 (lam (dreamcoder_abstraction_2 (dreamcoder_abstraction_3 $0 (lam 1))))))"
        },
        {
          "fn_10 (lam (dreamcoder_abstraction_2 (dreamcoder_abstraction_7 (dreamcoder_abstraction_2 $0))))": "(lam (dreamcoder_abstraction_3 $0 (lam (dreamcoder_abstraction_2 (dreamcoder_abstraction_7 (dreamcoder_abstraction_2 $0))))))"
        }
      ],
      "dc_comparison_millis": null,
      "tdfa_annotation": null,
      "variable_types": [
        "M"
      ]
    },
    {
      "body": "(lam (dreamcoder_abstraction_0 $0 (lam (lam (#1 $0 $1))) #0))",
      "dreamcoder": "#(lambda (lambda (lambda (#(lambda (lambda (lambda (fix1 $2 (lambda (lambda (if (empty? $0) $2 ($3 ($1 (cdr $0)) (car $0))))))))) $0 (lambda (lambda ($3 $0 $1))) $2))))",
      "arity": 2,
      "name": "fn_11",
      "utility": 204,
      "final_cost": 7682,
      "compression_ratio": 1.0796667534496225,
      "cumulative_compression_ratio": 1.2917209060140589,
      "num_uses": 6,
      "rewritten": null,
      "rewritten_dreamcoder": null,
      "uses": [
        {
          "fn_11 0 +": "(lam (dreamcoder_abstraction_0 $0 (lam (lam (+ $0 $1))) 0))"
        },
        {
          "fn_11 (cons (- 1 1) empty) cons": "(lam (dreamcoder_abstraction_0 $0 (lam (lam (cons $0 $1))) (cons (- 1 1) empty)))"
        },
        {
          "fn_11 (cons 0 (dreamcoder_abstraction_3 empty (lam $0))) cons": "(lam (dreamcoder_abstraction_0 $0 (lam (lam (cons $0 $1))) (cons 0 (dreamcoder_abstraction_3 empty (lam $0)))))"
        },
        {
          "fn_11 (cons 0 (dreamcoder_abstraction_3 empty (lam 0))) cons": "(lam (dreamcoder_abstraction_0 $0 (lam (lam (cons $0 $1))) (cons 0 (dreamcoder_abstraction_3 empty (lam 0)))))"
        },
        {
          "fn_11 (cons 0 (dreamcoder_abstraction_3 empty (lam 1))) cons": "(lam (dreamcoder_abstraction_0 $0 (lam (lam (cons $0 $1))) (cons 0 (dreamcoder_abstraction_3 empty (lam 1)))))"
        },
        {
          "fn_11 (cons 0 empty) cons": "(lam (dreamcoder_abstraction_0 $0 (lam (lam (cons $0 $1))) (cons 0 empty)))"
        }
      ],
      "dc_comparison_millis": null,
      "tdfa_annotation": null,
      "variable_types": [
        "M",
        "M"
      ]
    },
    {
      "body": "(fn_10 (lam (#0 $0)))",
      "dreamcoder": "#(lambda (#(lambda (lambda (#(lambda (lambda (#(lambda (lambda (lambda (fix1 $2 (lambda (lambda (if (empty? $0) $2 ($3 ($1 (cdr $0)) (car $0))))))))) $1 (lambda (lambda (cons ($2 $0) $1))) empty))) $0 $1))) (lambda ($1 $0))))",
      "arity": 1,
      "name": "fn_12",
      "utility": 103,
      "final_cost": 7376,
      "compression_ratio": 1.0414859002169197,
      "cumulative_compression_ratio": 1.3453091106290673,
      "num_uses": 5,
      "rewritten": null,
      "rewritten_dreamcoder": null,
      "uses": [
        {
          "fn_12 (+ #0)": "(fn_10 (lam (+ $0 $0)))"
        },
        {
          "fn_12 (+ 1)": "(fn_10 (lam (+ 1 $0)))"
        },
        {
          "fn_12 (- (- #0 #0))": "(fn_10 (lam (- (- $0 $0) $0)))"
        },
        {
          "fn_12 (- 0)": "(fn_10 (lam (- 0 $0)))"
        },
        {
          "fn_12 dreamcoder_abstraction_2": "(fn_10 (lam (dreamcoder_abstraction_2 $0)))"
        }
      ],
      "dc_comparison_millis": null,
      "tdfa_annotation": null,
      "variable_types": [
        "M"
      ]
    },
    {
      "body": "(lam (dreamcoder_abstraction_5 (lam (#1 $0 #0)) $0))",
      "dreamcoder": "#(lambda (lambda (lambda (#(lambda (lambda (#(lambda (lambda (lambda (fix1 $2 (lambda (lambda (if (empty? $0) $2 ($3 ($1 (cdr $0)) (car $0))))))))) $0 (lambda (lambda (if ($3 $0) $1 (cons $0 $1)))) empty))) (lambda ($2 $0 $3)) $0))))",
      "arity": 2,
      "name": "fn_13",
      "utility": 102,
      "final_cost": 6968,
      "compression_ratio": 1.058553386911596,
      "cumulative_compression_ratio": 1.424081515499426,
      "num_uses": 3,
      "rewritten": null,
      "rewritten_dreamcoder": null,
      "uses": [
        {
          "fn_13 (dreamcoder_abstraction_2 empty) eq?": "(lam (dreamcoder_abstraction_5 (lam (eq? $0 (dreamcoder_abstraction_2 empty))) $0))"
        },
        {
          "fn_13 0 eq?": "(lam (dreamcoder_abstraction_5 (lam (eq? $0 0)) $0))"
        },
        {
          "fn_13 1 gt?": "(lam (dreamcoder_abstraction_5 (lam (gt? $0 1)) $0))"
        }
      ],
      "dc_comparison_millis": null,
      "tdfa_annotation": null,
      "variable_types": [
        "M",
        "M"
      ]
    },
    {
      "body": "(lam (dreamcoder_abstraction_8 (lam (#1 $0 $1)) #0))",
      "dreamcoder": "#(lambda (lambda (lambda (#(lambda (lambda (#(lambda (lambda (lambda (#(lambda (lambda (lambda (lambda (fix1 $3 (lambda (lambda (if ($2 $0) empty (cons ($3 $0) ($1 ($4 $0))))))))))) $1 (lambda ($3 $0 1)) (lambda $0) (lambda (eq? $0 $1)))))) (lambda (lambda (- $1 $0))) ($1 $0) $0))) (lambda ($2 $0 $1)) $2))))",
      "arity": 2,
      "name": "fn_14",
      "utility": 102,
      "final_cost": 6560,
      "compression_ratio": 1.0621951219512196,
      "cumulative_compression_ratio": 1.5126524390243903,
      "num_uses": 2,
      "rewritten": null,
      "rewritten_dreamcoder": null,
      "uses": [
        {
          "fn_14 1 +": "(lam (dreamcoder_abstraction_8 (lam (+ $0 $1)) 1))"
        },
        {
          "fn_14 0 -": "(lam (dreamcoder_abstraction_8 (lam (- $0 $1)) 0))"
        }
      ],
      "dc_comparison_millis": null,
      "tdfa_annotation": null,
      "variable_types": [
        "M",
        "M"
      ]
    },
    {
      "body": "(#1 (#1 #0))",
      "dreamcoder": "#(lambda (lambda ($0 ($0 $1))))",
      "arity": 2,
      "name": "fn_15",
      "utility": 99,
      "final_cost": 6459,
      "compression_ratio": 1.015637095525623,
      "cumulative_compression_ratio": 1.5363059297104815,
      "num_uses": 9,
      "rewritten": null,
      "rewritten_dreamcoder": null,
      "uses": [
        {
          "fn_15 $0 cdr": "(cdr (cdr $0))"
        },
        {
          "fn_15 $2 cdr": "(cdr (cdr $2))"
        },
        {
          "fn_15 $1 (cons $0)": "(cons $0 (cons $0 $1))"
        },
        {
          "fn_15 (dreamcoder_abstraction_3 $1 (lam $0)) (cons $0)": "(cons $0 (cons $0 (dreamcoder_abstraction_3 $1 (lam $0))))"
        }
      ],
      "dc_comparison_millis": null,
      "tdfa_annotation": null,
      "variable_types": [
        "M",
        "M"
      ]
    },
    {
      "body": "(+ 1)",
      "dreamcoder": "#(+ 1)",
      "arity": 0,
      "name": "fn_16",
      "utility": 1,
      "final_cost": 6257,
      "compression_ratio": 1.0322838420968514,
      "cumulative_compression_ratio": 1.5859037877577113,
      "num_uses": 9,
      "rewritten": null,
      "rewritten_dreamcoder": null,
      "uses": [
        {
          "fn_16 ": "(+ 1)"
        }
      ],
      "dc_comparison_millis": null,
      "tdfa_annotation": null,
      "variable_types": []
    }
  ]
}