{
  "cmd": "/home/kavi/mit/stitch/target/debug/deps/fuzz_symbol_weighting_test-4586e884de5054b3",
  "args": {
    "iterations": 3,
    "abstraction_prefix": "fn_",
    "previous_abstractions": 0,
    "shuffle": false,
    "truncate": null,
    "no_opt": false,
    "silent": false,
    "verbose_rewrite": false,
    "step": {
      "max_arity": 3,
      "threads": 1,
      "no_stats": false,
      "batch": 1,
      "dynamic_batch": false,
      "eta_long": false,
      "no_curried_metavars": false,
      "no_curried_bodies": false,
      "inv_candidates": 1,
      "hole_choice": "DepthFirst",
      "cost": {
        "cost_lam": 1,
        "cost_app": 1,
        "cost_var": 100,
        "cost_ivar": 100,
        "cost_prim_default": 100,
        "cost_prim": "{\"C\":1050,\"0\":80,\"3.75\":966}"
      },
      "no_mismatch_check": false,
      "follow": null,
      "follow_types": null,
      "follow_prune": false,
      "verbose_worklist": false,
      "verbose_best": true,
      "print_stats": 0,
      "show_rewritten": false,
      "rewritten_dreamcoder": false,
      "rewritten_intermediates": false,
      "inv_arg_cap": false,
      "allow_single_task": false,
      "no_opt_single_use": false,
      "no_opt_upper_bound": false,
      "no_opt_force_multiuse": false,
      "no_opt_useless_abstract": false,
      "no_opt_arity_zero": false,
      "no_other_util": false,
      "structure_penalty": 1.0,
      "rewrite_check": false,
      "utility_by_rewrite": false,
      "dreamcoder_comparison": false,
      "quiet": false,
      "fused_lambda_tags": {
        "tags": null
      },
      "tdfa": {
        "tdfa_json_path": null,
        "tdfa_root": null,
        "valid_metavars": null,
        "valid_roots": null,
        "tdfa_non_eta_long_states": null,
        "tdfa_split": null
      },
      "symvar": {
        "symvar_prefix": null
      }
    }
  },
  "original_cost": 12366,
  "final_cost": 12366,
  "compression_ratio": 1.0,
  "num_abstractions": 0,
  "original": [
    "(C (C (T (T (T (C (r_s 12 5) (T (repeat (T r (M 0.84375 0 0 0)) 2 (M 1 0 4.875 0)) (M 1 0 -2.4375 -0))) (M 1 0 0 2.5)) (M 1 0 -0 0)) (M 1 0 0 1.25)) (T (r_s 14.5 7.5) (M 1 0 0 3.75))) (T (repeat (T (T (T (T l (M 1 0 -0.5 0)) (M 1 1.5708 0 0)) (M 6 0 0 0)) (M 1 0 0 -3)) 4 (M 1 0 4.83333 0)) (M 1 0 -7.25 0)))"
  ],
  "rewritten": [
    "(C (C (T (T (T (C (r_s 12 5) (T (repeat (T r (M 0.84375 0 0 0)) 2 (M 1 0 4.875 0)) (M 1 0 -2.4375 -0))) (M 1 0 0 2.5)) (M 1 0 -0 0)) (M 1 0 0 1.25)) (T (r_s 14.5 7.5) (M 1 0 0 3.75))) (T (repeat (T (T (T (T l (M 1 0 -0.5 0)) (M 1 1.5708 0 0)) (M 6 0 0 0)) (M 1 0 0 -3)) 4 (M 1 0 4.83333 0)) (M 1 0 -7.25 0)))"
  ],
  "rewritten_dreamcoder": null,
  "abstractions": []
}