{
  "cmd": "/home/kavi/mit/stitch/target/debug/deps/fuzz_symbol_weighting_test-bb90388a4968aabc",
  "args": {
    "iterations": 3,
    "abstraction_prefix": "fn_",
    "previous_abstractions": 0,
    "shuffle": false,
    "truncate": null,
    "no_opt": false,
    "silent": false,
    "verbose_rewrite": false,
    "step": {
      "max_arity": 3,
      "threads": 1,
      "no_stats": false,
      "batch": 1,
      "dynamic_batch": false,
      "eta_long": false,
      "no_curried_metavars": false,
      "no_curried_bodies": false,
      "inv_candidates": 1,
      "hole_choice": "DepthFirst",
      "cost": {
        "cost_lam": 1,
        "cost_app": 1,
        "cost_var": 100,
        "cost_ivar": 100,
        "cost_prim_default": 100,
        "cost_prim": "{\"3\":893,\"-0\":96,\"-3.125\":21}"
      },
      "no_mismatch_check": false,
      "follow": null,
      "follow_prune": false,
      "verbose_worklist": false,
      "verbose_best": true,
      "print_stats": 0,
      "show_rewritten": false,
      "rewritten_dreamcoder": false,
      "rewritten_intermediates": false,
      "inv_arg_cap": false,
      "allow_single_task": false,
      "no_opt_single_use": false,
      "no_opt_upper_bound": false,
      "no_opt_force_multiuse": false,
      "no_opt_useless_abstract": false,
      "no_opt_arity_zero": false,
      "no_other_util": false,
      "structure_penalty": 1.0,
      "rewrite_check": false,
      "utility_by_rewrite": false,
      "dreamcoder_comparison": false,
      "quiet": false,
      "fused_lambda_tags": {
        "tags": null
      },
      "tdfa": {
        "tdfa_json_path": null,
        "tdfa_root": null,
        "valid_metavars": null,
        "valid_roots": null,
        "tdfa_non_eta_long_states": null,
        "tdfa_split": null
      },
      "symvar": {
        "symvar_prefix": null
      }
    }
  },
  "original_cost": 61346,
  "final_cost": 18958,
  "compression_ratio": 3.235889861799768,
  "num_abstractions": 3,
  "original": [
    "(C (C (T (T (T (C (r_s 12 5) (T (repeat (T r (M 0.84375 0 0 0)) 2 (M 1 0 4.875 0)) (M 1 0 -2.4375 -0))) (M 1 0 0 2.5)) (M 1 0 -0 0)) (M 1 0 0 1.25)) (T (r_s 14.5 7.5) (M 1 0 0 3.75))) (T (repeat (T (T (T (T l (M 1 0 -0.5 0)) (M 1 1.5708 0 0)) (M 6 0 0 0)) (M 1 0 0 -3)) 4 (M 1 0 4.83333 0)) (M 1 0 -7.25 0)))",
    "(C (T (repeat (C (r_s 12 5) (T (repeat (T r (M 0.84375 0 0 0)) 2 (M 1 0 4.875 0)) (M 1 0 -2.4375 -0))) 2 (M 1 0 0 6.25)) (M 1 0 -0 -3.125)) (r_s 14.5 13.75))",
    "(C (C (T (T (repeat (T (C (r_s 12 5) (T (repeat (T r (M 0.84375 0 0 0)) 2 (M 1 0 4.875 0)) (M 1 0 -2.4375 -0))) (M 1 0 0 2.5)) 2 (M 1 0 0 6.25)) (M 1 0 -0 0)) (M 1 0 0 1.25)) (T (r_s 14.5 13.75) (M 1 0 0 6.875))) (T (repeat (T (T (T (T l (M 1 0 -0.5 0)) (M 1 1.5708 0 0)) (M 6 0 0 0)) (M 1 0 0 -3)) 2 (M 1 0 14.5 0)) (M 1 0 -7.25 0)))",
    "(C (C (C (T (T (T c (M 3 0 0 0)) (M 1 0 0 1.5)) (M 1 0 -5.75 0)) (T (T (T c (M 3 0 0 0)) (M 1 0 0 1.5)) (M 1 0 -2.75 0))) (C (T (T (T (C (r_s 12 5) (T (repeat (T r (M 0.84375 0 0 0)) 2 (M 1 0 4.875 0)) (M 1 0 -2.4375 -0))) (M 1 0 0 -5)) (M 1 0 -0 0)) (M 1 0 0 1.25)) (T (r_s 14.5 7.5) (M 1 0 0 -3.75)))) (T (T (repeat (T (T (T (T l (M 1 0 -0.5 0)) (M 1 1.5708 0 0)) (M 6 0 0 0)) (M 1 0 0 -3)) 2 (M 1 0 14.5 0)) (M 1 0 -7.25 0)) (M 1 0 0 -7.5)))",
    "(C (C (T (r_s 29 1) (M 1 0 0 -0.5)) (T (C (T (T (T (C (r_s 12 5) (T (repeat (T r (M 0.84375 0 0 0)) 2 (M 1 0 4.875 0)) (M 1 0 -2.4375 -0))) (M 1 0 0 2.5)) (M 1 0 -0 0)) (M 1 0 0 1.25)) (T (r_s 14.5 7.5) (M 1 0 0 3.75))) (M 1 0 -7.25 0))) (T (T (repeat (T (T (T (T l (M 1 0 -0.5 0)) (M 1 1.5708 0 0)) (M 6 0 0 0)) (M 1 0 0 -3)) 2 (M 1 0 29 0)) (M 1 0 -14.5 0)) (M 1 0 0 -1)))",
    "(C (C (T (r_s 29 1) (M 1 0 0 -0.5)) (T (C (T (T (T (C (r_s 12 5) (T (repeat (T r (M 0.84375 0 0 0)) 2 (M 1 0 4.875 0)) (M 1 0 -2.4375 -0))) (M 1 0 0 2.5)) (M 1 0 -0 0)) (M 1 0 0 1.25)) (T (r_s 14.5 7.5) (M 1 0 0 3.75))) (M 1 0 -7.25 0))) (T (T (repeat (T (T (T (T l (M 1 0 -0.5 0)) (M 1 1.5708 0 0)) (M 6 0 0 0)) (M 1 0 0 -3)) 4 (M 1 0 9.66667 0)) (M 1 0 -14.5 0)) (M 1 0 0 -1)))"
  ],
  "rewritten": [
    "(C (fn_1 3.75 2.5) (fn_2 4.83333 4 -7.25))",
    "(C (fn_0 -3.125 -0 (repeat (C (r_s 12 5) (fn_0 -0 -2.4375 (repeat (T r (M 0.84375 0 0 0)) 2 (M 1 0 4.875 0)))) 2 (M 1 0 0 6.25))) (r_s 14.5 13.75))",
    "(C (C (fn_0 1.25 0 (fn_0 0 -0 (repeat (fn_0 2.5 0 (C (r_s 12 5) (fn_0 -0 -2.4375 (repeat (T r (M 0.84375 0 0 0)) 2 (M 1 0 4.875 0))))) 2 (M 1 0 0 6.25)))) (fn_0 6.875 0 (r_s 14.5 13.75))) (fn_2 14.5 2 -7.25))",
    "(C (C (C (fn_0 0 -5.75 (fn_0 1.5 0 (T c (M 3 0 0 0)))) (fn_0 0 -2.75 (fn_0 1.5 0 (T c (M 3 0 0 0))))) (fn_1 -3.75 -5)) (fn_0 -7.5 0 (fn_2 14.5 2 -7.25)))",
    "(C (C (fn_0 -0.5 0 (r_s 29 1)) (fn_0 0 -7.25 (fn_1 3.75 2.5))) (fn_0 -1 0 (fn_2 29 2 -14.5)))",
    "(C (C (fn_0 -0.5 0 (r_s 29 1)) (fn_0 0 -7.25 (fn_1 3.75 2.5))) (fn_0 -1 0 (fn_2 9.66667 4 -14.5)))"
  ],
  "rewritten_dreamcoder": null,
  "abstractions": [
    {
      "body": "(T #2 (M 1 0 #1 #0))",
      "dreamcoder": "#(lambda (lambda (lambda (T $0 (M 1 0 $1 $2)))))",
      "arity": 3,
      "name": "fn_0",
      "utility": 15653,
      "final_cost": 45287,
      "compression_ratio": 1.3546050743038842,
      "cumulative_compression_ratio": 1.3546050743038842,
      "num_uses": 53,
      "rewritten": null,
      "rewritten_dreamcoder": null,
      "uses": [
        {
          "fn_0 0 -7.25 (C (T (T (T (C (r_s 12 5) (T (repeat (T r (M 0.84375 0 0 0)) 2 (M 1 0 4.875 0)) (M 1 0 -2.4375 -0))) (M 1 0 0 2.5)) (M 1 0 -0 0)) (M 1 0 0 1.25)) (T (r_s 14.5 7.5) (M 1 0 0 3.75)))": "(T (C (T (T (T (C (r_s 12 5) (T (repeat (T r (M 0.84375 0 0 0)) 2 (M 1 0 4.875 0)) (M 1 0 -2.4375 -0))) (M 1 0 0 2.5)) (M 1 0 -0 0)) (M 1 0 0 1.25)) (T (r_s 14.5 7.5) (M 1 0 0 3.75))) (M 1 0 -7.25 0))"
        },
        {
          "fn_0 -5 0 (C (r_s 12 5) (T (repeat (T r (M 0.84375 0 0 0)) 2 (M 1 0 4.875 0)) (M 1 0 -2.4375 -0)))": "(T (C (r_s 12 5) (T (repeat (T r (M 0.84375 0 0 0)) 2 (M 1 0 4.875 0)) (M 1 0 -2.4375 -0))) (M 1 0 0 -5))"
        },
        {
          "fn_0 2.5 0 (C (r_s 12 5) (T (repeat (T r (M 0.84375 0 0 0)) 2 (M 1 0 4.875 0)) (M 1 0 -2.4375 -0)))": "(T (C (r_s 12 5) (T (repeat (T r (M 0.84375 0 0 0)) 2 (M 1 0 4.875 0)) (M 1 0 -2.4375 -0))) (M 1 0 0 2.5))"
        },
        {
          "fn_0 0 -0 (T (C (r_s 12 5) (T (repeat (T r (M 0.84375 0 0 0)) 2 (M 1 0 4.875 0)) (M 1 0 -2.4375 -0))) (M 1 0 0 -5))": "(T (T (C (r_s 12 5) (T (repeat (T r (M 0.84375 0 0 0)) 2 (M 1 0 4.875 0)) (M 1 0 -2.4375 -0))) (M 1 0 0 -5)) (M 1 0 -0 0))"
        },
        {
          "fn_0 0 -0 (T (C (r_s 12 5) (T (repeat (T r (M 0.84375 0 0 0)) 2 (M 1 0 4.875 0)) (M 1 0 -2.4375 -0))) (M 1 0 0 2.5))": "(T (T (C (r_s 12 5) (T (repeat (T r (M 0.84375 0 0 0)) 2 (M 1 0 4.875 0)) (M 1 0 -2.4375 -0))) (M 1 0 0 2.5)) (M 1 0 -0 0))"
        },
        {
          "fn_0 1.25 0 (T (T (C (r_s 12 5) (T (repeat (T r (M 0.84375 0 0 0)) 2 (M 1 0 4.875 0)) (M 1 0 -2.4375 -0))) (M 1 0 0 -5)) (M 1 0 -0 0))": "(T (T (T (C (r_s 12 5) (T (repeat (T r (M 0.84375 0 0 0)) 2 (M 1 0 4.875 0)) (M 1 0 -2.4375 -0))) (M 1 0 0 -5)) (M 1 0 -0 0)) (M 1 0 0 1.25))"
        },
        {
          "fn_0 1.25 0 (T (T (C (r_s 12 5) (T (repeat (T r (M 0.84375 0 0 0)) 2 (M 1 0 4.875 0)) (M 1 0 -2.4375 -0))) (M 1 0 0 2.5)) (M 1 0 -0 0))": "(T (T (T (C (r_s 12 5) (T (repeat (T r (M 0.84375 0 0 0)) 2 (M 1 0 4.875 0)) (M 1 0 -2.4375 -0))) (M 1 0 0 2.5)) (M 1 0 -0 0)) (M 1 0 0 1.25))"
        },
        {
          "fn_0 -3 0 (T (T (T l (M 1 0 -0.5 0)) (M 1 1.5708 0 0)) (M 6 0 0 0))": "(T (T (T (T l (M 1 0 -0.5 0)) (M 1 1.5708 0 0)) (M 6 0 0 0)) (M 1 0 0 -3))"
        },
        {
          "fn_0 0 -2.75 (T (T c (M 3 0 0 0)) (M 1 0 0 1.5))": "(T (T (T c (M 3 0 0 0)) (M 1 0 0 1.5)) (M 1 0 -2.75 0))"
        },
        {
          "fn_0 0 -5.75 (T (T c (M 3 0 0 0)) (M 1 0 0 1.5))": "(T (T (T c (M 3 0 0 0)) (M 1 0 0 1.5)) (M 1 0 -5.75 0))"
        },
        {
          "fn_0 1.25 0 (T (repeat (T (C (r_s 12 5) (T (repeat (T r (M 0.84375 0 0 0)) 2 (M 1 0 4.875 0)) (M 1 0 -2.4375 -0))) (M 1 0 0 2.5)) 2 (M 1 0 0 6.25)) (M 1 0 -0 0))": "(T (T (repeat (T (C (r_s 12 5) (T (repeat (T r (M 0.84375 0 0 0)) 2 (M 1 0 4.875 0)) (M 1 0 -2.4375 -0))) (M 1 0 0 2.5)) 2 (M 1 0 0 6.25)) (M 1 0 -0 0)) (M 1 0 0 1.25))"
        },
        {
          "fn_0 -7.5 0 (T (repeat (T (T (T (T l (M 1 0 -0.5 0)) (M 1 1.5708 0 0)) (M 6 0 0 0)) (M 1 0 0 -3)) 2 (M 1 0 14.5 0)) (M 1 0 -7.25 0))": "(T (T (repeat (T (T (T (T l (M 1 0 -0.5 0)) (M 1 1.5708 0 0)) (M 6 0 0 0)) (M 1 0 0 -3)) 2 (M 1 0 14.5 0)) (M 1 0 -7.25 0)) (M 1 0 0 -7.5))"
        },
        {
          "fn_0 -1 0 (T (repeat (T (T (T (T l (M 1 0 -0.5 0)) (M 1 1.5708 0 0)) (M 6 0 0 0)) (M 1 0 0 -3)) 2 (M 1 0 29 0)) (M 1 0 -14.5 0))": "(T (T (repeat (T (T (T (T l (M 1 0 -0.5 0)) (M 1 1.5708 0 0)) (M 6 0 0 0)) (M 1 0 0 -3)) 2 (M 1 0 29 0)) (M 1 0 -14.5 0)) (M 1 0 0 -1))"
        },
        {
          "fn_0 -1 0 (T (repeat (T (T (T (T l (M 1 0 -0.5 0)) (M 1 1.5708 0 0)) (M 6 0 0 0)) (M 1 0 0 -3)) 4 (M 1 0 9.66667 0)) (M 1 0 -14.5 0))": "(T (T (repeat (T (T (T (T l (M 1 0 -0.5 0)) (M 1 1.5708 0 0)) (M 6 0 0 0)) (M 1 0 0 -3)) 4 (M 1 0 9.66667 0)) (M 1 0 -14.5 0)) (M 1 0 0 -1))"
        },
        {
          "fn_0 1.5 0 (T c (M 3 0 0 0))": "(T (T c (M 3 0 0 0)) (M 1 0 0 1.5))"
        },
        {
          "fn_0 6.875 0 (r_s 14.5 13.75)": "(T (r_s 14.5 13.75) (M 1 0 0 6.875))"
        },
        {
          "fn_0 -3.75 0 (r_s 14.5 7.5)": "(T (r_s 14.5 7.5) (M 1 0 0 -3.75))"
        },
        {
          "fn_0 3.75 0 (r_s 14.5 7.5)": "(T (r_s 14.5 7.5) (M 1 0 0 3.75))"
        },
        {
          "fn_0 -0.5 0 (r_s 29 1)": "(T (r_s 29 1) (M 1 0 0 -0.5))"
        },
        {
          "fn_0 -3.125 -0 (repeat (C (r_s 12 5) (T (repeat (T r (M 0.84375 0 0 0)) 2 (M 1 0 4.875 0)) (M 1 0 -2.4375 -0))) 2 (M 1 0 0 6.25))": "(T (repeat (C (r_s 12 5) (T (repeat (T r (M 0.84375 0 0 0)) 2 (M 1 0 4.875 0)) (M 1 0 -2.4375 -0))) 2 (M 1 0 0 6.25)) (M 1 0 -0 -3.125))"
        },
        {
          "fn_0 0 -0 (repeat (T (C (r_s 12 5) (T (repeat (T r (M 0.84375 0 0 0)) 2 (M 1 0 4.875 0)) (M 1 0 -2.4375 -0))) (M 1 0 0 2.5)) 2 (M 1 0 0 6.25))": "(T (repeat (T (C (r_s 12 5) (T (repeat (T r (M 0.84375 0 0 0)) 2 (M 1 0 4.875 0)) (M 1 0 -2.4375 -0))) (M 1 0 0 2.5)) 2 (M 1 0 0 6.25)) (M 1 0 -0 0))"
        },
        {
          "fn_0 0 -7.25 (repeat (T (T (T (T l (M 1 0 -0.5 0)) (M 1 1.5708 0 0)) (M 6 0 0 0)) (M 1 0 0 -3)) 2 (M 1 0 14.5 0))": "(T (repeat (T (T (T (T l (M 1 0 -0.5 0)) (M 1 1.5708 0 0)) (M 6 0 0 0)) (M 1 0 0 -3)) 2 (M 1 0 14.5 0)) (M 1 0 -7.25 0))"
        },
        {
          "fn_0 0 -14.5 (repeat (T (T (T (T l (M 1 0 -0.5 0)) (M 1 1.5708 0 0)) (M 6 0 0 0)) (M 1 0 0 -3)) 2 (M 1 0 29 0))": "(T (repeat (T (T (T (T l (M 1 0 -0.5 0)) (M 1 1.5708 0 0)) (M 6 0 0 0)) (M 1 0 0 -3)) 2 (M 1 0 29 0)) (M 1 0 -14.5 0))"
        },
        {
          "fn_0 0 -7.25 (repeat (T (T (T (T l (M 1 0 -0.5 0)) (M 1 1.5708 0 0)) (M 6 0 0 0)) (M 1 0 0 -3)) 4 (M 1 0 4.83333 0))": "(T (repeat (T (T (T (T l (M 1 0 -0.5 0)) (M 1 1.5708 0 0)) (M 6 0 0 0)) (M 1 0 0 -3)) 4 (M 1 0 4.83333 0)) (M 1 0 -7.25 0))"
        },
        {
          "fn_0 0 -14.5 (repeat (T (T (T (T l (M 1 0 -0.5 0)) (M 1 1.5708 0 0)) (M 6 0 0 0)) (M 1 0 0 -3)) 4 (M 1 0 9.66667 0))": "(T (repeat (T (T (T (T l (M 1 0 -0.5 0)) (M 1 1.5708 0 0)) (M 6 0 0 0)) (M 1 0 0 -3)) 4 (M 1 0 9.66667 0)) (M 1 0 -14.5 0))"
        },
        {
          "fn_0 -0 -2.4375 (repeat (T r (M 0.84375 0 0 0)) 2 (M 1 0 4.875 0))": "(T (repeat (T r (M 0.84375 0 0 0)) 2 (M 1 0 4.875 0)) (M 1 0 -2.4375 -0))"
        },
        {
          "fn_0 0 -0.5 l": "(T l (M 1 0 -0.5 0))"
        }
      ],
      "dc_comparison_millis": null,
      "tdfa_annotation": null
    },
    {
      "body": "(C (fn_0 1.25 0 (fn_0 0 -0 (fn_0 #1 0 (C (r_s 12 5) (fn_0 -0 -2.4375 (repeat (T r (M 0.84375 0 0 0)) 2 (M 1 0 4.875 0))))))) (fn_0 #0 0 (r_s 14.5 7.5)))",
      "dreamcoder": "#(lambda (lambda (C (#(lambda (lambda (lambda (T $0 (M 1 0 $1 $2))))) 1.25 0 (#(lambda (lambda (lambda (T $0 (M 1 0 $1 $2))))) 0 -0 (#(lambda (lambda (lambda (T $0 (M 1 0 $1 $2))))) $0 0 (C (r_s 12 5) (#(lambda (lambda (lambda (T $0 (M 1 0 $1 $2))))) -0 -2.4375 (repeat (T r (M 0.84375 0 0 0)) 2 (M 1 0 4.875 0))))))) (#(lambda (lambda (lambda (T $0 (M 1 0 $1 $2))))) $1 0 (r_s 14.5 7.5)))))",
      "arity": 2,
      "name": "fn_1",
      "utility": 10176,
      "final_cost": 31583,
      "compression_ratio": 1.4339043156128297,
      "cumulative_compression_ratio": 1.9423740619953773,
      "num_uses": 4,
      "rewritten": null,
      "rewritten_dreamcoder": null,
      "uses": [
        {
          "fn_1 -3.75 -5": "(C (fn_0 1.25 0 (fn_0 0 -0 (fn_0 -5 0 (C (r_s 12 5) (fn_0 -0 -2.4375 (repeat (T r (M 0.84375 0 0 0)) 2 (M 1 0 4.875 0))))))) (fn_0 -3.75 0 (r_s 14.5 7.5)))"
        },
        {
          "fn_1 3.75 2.5": "(C (fn_0 1.25 0 (fn_0 0 -0 (fn_0 2.5 0 (C (r_s 12 5) (fn_0 -0 -2.4375 (repeat (T r (M 0.84375 0 0 0)) 2 (M 1 0 4.875 0))))))) (fn_0 3.75 0 (r_s 14.5 7.5)))"
        }
      ],
      "dc_comparison_millis": null,
      "tdfa_annotation": null
    },
    {
      "body": "(fn_0 0 #2 (repeat (fn_0 -3 0 (T (T (fn_0 0 -0.5 l) (M 1 1.5708 0 0)) (M 6 0 0 0))) #1 (M 1 0 #0 0)))",
      "dreamcoder": "#(lambda (lambda (lambda (#(lambda (lambda (lambda (T $0 (M 1 0 $1 $2))))) 0 $0 (repeat (#(lambda (lambda (lambda (T $0 (M 1 0 $1 $2))))) -3 0 (T (T (#(lambda (lambda (lambda (T $0 (M 1 0 $1 $2))))) 0 -0.5 l) (M 1 1.5708 0 0)) (M 6 0 0 0))) $1 (M 1 0 $2 0))))))",
      "arity": 3,
      "name": "fn_2",
      "utility": 9997,
      "final_cost": 18958,
      "compression_ratio": 1.665945774870767,
      "cumulative_compression_ratio": 3.235889861799768,
      "num_uses": 5,
      "rewritten": null,
      "rewritten_dreamcoder": null,
      "uses": [
        {
          "fn_2 29 2 -14.5": "(fn_0 0 -14.5 (repeat (fn_0 -3 0 (T (T (fn_0 0 -0.5 l) (M 1 1.5708 0 0)) (M 6 0 0 0))) 2 (M 1 0 29 0)))"
        },
        {
          "fn_2 9.66667 4 -14.5": "(fn_0 0 -14.5 (repeat (fn_0 -3 0 (T (T (fn_0 0 -0.5 l) (M 1 1.5708 0 0)) (M 6 0 0 0))) 4 (M 1 0 9.66667 0)))"
        },
        {
          "fn_2 14.5 2 -7.25": "(fn_0 0 -7.25 (repeat (fn_0 -3 0 (T (T (fn_0 0 -0.5 l) (M 1 1.5708 0 0)) (M 6 0 0 0))) 2 (M 1 0 14.5 0)))"
        },
        {
          "fn_2 4.83333 4 -7.25": "(fn_0 0 -7.25 (repeat (fn_0 -3 0 (T (T (fn_0 0 -0.5 l) (M 1 1.5708 0 0)) (M 6 0 0 0))) 4 (M 1 0 4.83333 0)))"
        }
      ],
      "dc_comparison_millis": null,
      "tdfa_annotation": null
    }
  ]
}