{
  "cmd": "/home/kavi/mit/stitch/target/debug/deps/fuzz_symbol_weighting_test-07c6ce7ba98f4348",
  "args": {
    "iterations": 3,
    "abstraction_prefix": "fn_",
    "previous_abstractions": 0,
    "shuffle": false,
    "truncate": null,
    "no_opt": false,
    "silent": false,
    "verbose_rewrite": false,
    "step": {
      "max_arity": 3,
      "threads": 1,
      "no_stats": false,
      "batch": 1,
      "dynamic_batch": false,
      "eta_long": false,
      "no_curried_metavars": false,
      "no_curried_bodies": false,
      "inv_candidates": 1,
      "hole_choice": "DepthFirst",
      "cost": {
        "cost_lam": 1,
        "cost_app": 1,
        "cost_var": 100,
        "cost_ivar": 100,
        "cost_prim_default": 100,
        "cost_prim": "{\"f\":656,\"c\":89,\"z\":3}"
      },
      "no_mismatch_check": false,
      "follow": null,
      "follow_prune": false,
      "verbose_worklist": false,
      "verbose_best": true,
      "print_stats": 0,
      "show_rewritten": false,
      "rewritten_dreamcoder": false,
      "rewritten_intermediates": false,
      "inv_arg_cap": false,
      "allow_single_task": false,
      "no_opt_single_use": false,
      "no_opt_upper_bound": false,
      "no_opt_force_multiuse": false,
      "no_opt_useless_abstract": false,
      "no_opt_arity_zero": false,
      "no_other_util": false,
      "structure_penalty": 1.0,
      "rewrite_check": false,
      "utility_by_rewrite": false,
      "dreamcoder_comparison": false,
      "quiet": false,
      "fused_lambda_tags": {
        "tags": null
      },
      "tdfa": {
        "tdfa_json_path": null,
        "tdfa_root": null,
        "valid_metavars": null,
        "valid_roots": null,
        "tdfa_non_eta_long_states": null,
        "tdfa_split": null
      },
      "symvar": {
        "symvar_prefix": null
      }
    }
  },
  "original_cost": 4434,
  "final_cost": 294,
  "compression_ratio": 15.081632653061224,
  "num_abstractions": 2,
  "original": [
    "(A (lam (lam (+ (a b c $0 f) (a b c $0 f)))))",
    "(A (lam (lam (+ (a b z $0 f) (a b z $0 f)))))"
  ],
  "rewritten": [
    "(fn_1 c)",
    "(fn_1 z)"
  ],
  "rewritten_dreamcoder": null,
  "abstractions": [
    {
      "body": "(a b #1 #0 f)",
      "dreamcoder": "#(lambda (lambda (a b $0 $1 f)))",
      "arity": 2,
      "name": "fn_0",
      "utility": 2172,
      "final_cost": 1402,
      "compression_ratio": 3.1626248216833095,
      "cumulative_compression_ratio": 3.1626248216833095,
      "num_uses": 4,
      "rewritten": null,
      "rewritten_dreamcoder": null,
      "uses": [
        {
          "fn_0 $0 c": "(a b c $0 f)"
        },
        {
          "fn_0 $0 z": "(a b z $0 f)"
        }
      ],
      "dc_comparison_millis": null,
      "tdfa_annotation": null
    },
    {
      "body": "(A (lam (lam (+ (fn_0 $0 #0) (fn_0 $0 #0)))))",
      "dreamcoder": "#(lambda (A (lambda (lambda (+ (#(lambda (lambda (a b $0 $1 f))) $0 $2) (#(lambda (lambda (a b $0 $1 f))) $0 $2))))))",
      "arity": 1,
      "name": "fn_1",
      "utility": 499,
      "final_cost": 294,
      "compression_ratio": 4.7687074829931975,
      "cumulative_compression_ratio": 15.081632653061224,
      "num_uses": 2,
      "rewritten": null,
      "rewritten_dreamcoder": null,
      "uses": [
        {
          "fn_1 c": "(A (lam (lam (+ (fn_0 $0 c) (fn_0 $0 c)))))"
        },
        {
          "fn_1 z": "(A (lam (lam (+ (fn_0 $0 z) (fn_0 $0 z)))))"
        }
      ],
      "dc_comparison_millis": null,
      "tdfa_annotation": null
    }
  ]
}