{
  "cmd": "/home/kavi/mit/stitch/target/debug/deps/fuzz_symbol_weighting_test-4586e884de5054b3",
  "args": {
    "iterations": 3,
    "abstraction_prefix": "fn_",
    "previous_abstractions": 0,
    "shuffle": false,
    "truncate": null,
    "no_opt": false,
    "silent": false,
    "verbose_rewrite": false,
    "step": {
      "max_arity": 3,
      "threads": 1,
      "no_stats": false,
      "batch": 1,
      "dynamic_batch": false,
      "eta_long": false,
      "no_curried_metavars": false,
      "no_curried_bodies": false,
      "inv_candidates": 1,
      "hole_choice": "DepthFirst",
      "cost": {
        "cost_lam": 1,
        "cost_app": 1,
        "cost_var": 100,
        "cost_ivar": 100,
        "cost_prim_default": 100,
        "cost_prim": "{\"empty\":27,\"inc\":72,\"plus\":52}"
      },
      "no_mismatch_check": false,
      "follow": null,
      "follow_types": null,
      "follow_prune": false,
      "verbose_worklist": false,
      "verbose_best": true,
      "print_stats": 0,
      "show_rewritten": false,
      "rewritten_dreamcoder": false,
      "rewritten_intermediates": false,
      "inv_arg_cap": false,
      "allow_single_task": false,
      "no_opt_single_use": false,
      "no_opt_upper_bound": false,
      "no_opt_force_multiuse": false,
      "no_opt_useless_abstract": false,
      "no_opt_arity_zero": false,
      "no_other_util": false,
      "structure_penalty": 1.0,
      "rewrite_check": false,
      "utility_by_rewrite": false,
      "dreamcoder_comparison": false,
      "quiet": false,
      "fused_lambda_tags": {
        "tags": null
      },
      "tdfa": {
        "tdfa_json_path": null,
        "tdfa_root": null,
        "valid_metavars": null,
        "valid_roots": null,
        "tdfa_non_eta_long_states": null,
        "tdfa_split": null
      },
      "symvar": {
        "symvar_prefix": null
      }
    }
  },
  "original_cost": 3972,
  "final_cost": 831,
  "compression_ratio": 4.7797833935018055,
  "num_abstractions": 2,
  "original": [
    "(lam (app (app cons (app inc $0)) (app (app cons (app inc $0)) empty)))",
    "(lam (app (app cons (app dec $0)) (app (app cons (app dec $0)) empty)))",
    "(lam (app (app cons (app (app plus $0) $0)) (app (app cons (app (app plus $0) $0)) empty)))"
  ],
  "rewritten": [
    "(fn_1 inc)",
    "(fn_1 dec)",
    "(lam (fn_0 $0 (app plus $0)))"
  ],
  "rewritten_dreamcoder": null,
  "abstractions": [
    {
      "body": "(app (app cons (app #1 #0)) (app (app cons (app #1 #0)) empty))",
      "dreamcoder": "#(lambda (lambda (app (app cons (app $0 $1)) (app (app cons (app $0 $1)) empty))))",
      "arity": 2,
      "name": "fn_0",
      "utility": 2098,
      "final_cost": 1035,
      "compression_ratio": 3.8376811594202898,
      "cumulative_compression_ratio": 3.8376811594202898,
      "num_uses": 3,
      "rewritten": null,
      "rewritten_dreamcoder": null,
      "uses": [
        {
          "fn_0 $0 (app plus $0)": "(app (app cons (app (app plus $0) $0)) (app (app cons (app (app plus $0) $0)) empty))"
        },
        {
          "fn_0 $0 dec": "(app (app cons (app dec $0)) (app (app cons (app dec $0)) empty))"
        },
        {
          "fn_0 $0 inc": "(app (app cons (app inc $0)) (app (app cons (app inc $0)) empty))"
        }
      ],
      "dc_comparison_millis": null,
      "tdfa_annotation": null,
      "variable_types": [
        "M",
        "M"
      ]
    },
    {
      "body": "(lam (fn_0 $0 #0))",
      "dreamcoder": "#(lambda (lambda (#(lambda (lambda (app (app cons (app $0 $1)) (app (app cons (app $0 $1)) empty)))) $0 $1)))",
      "arity": 1,
      "name": "fn_1",
      "utility": 1,
      "final_cost": 831,
      "compression_ratio": 1.2454873646209386,
      "cumulative_compression_ratio": 4.7797833935018055,
      "num_uses": 3,
      "rewritten": null,
      "rewritten_dreamcoder": null,
      "uses": [
        {
          "fn_1 (app plus #0)": "(lam (fn_0 $0 (app plus $0)))"
        },
        {
          "fn_1 dec": "(lam (fn_0 $0 dec))"
        },
        {
          "fn_1 inc": "(lam (fn_0 $0 inc))"
        }
      ],
      "dc_comparison_millis": null,
      "tdfa_annotation": null,
      "variable_types": [
        "M"
      ]
    }
  ]
}