{
  "cmd": "/home/kavi/mit/stitch/target/debug/deps/fuzz_symbol_weighting_test-bb90388a4968aabc",
  "args": {
    "iterations": 3,
    "abstraction_prefix": "fn_",
    "previous_abstractions": 0,
    "shuffle": false,
    "truncate": null,
    "no_opt": false,
    "silent": false,
    "verbose_rewrite": false,
    "step": {
      "max_arity": 3,
      "threads": 1,
      "no_stats": false,
      "batch": 1,
      "dynamic_batch": false,
      "eta_long": false,
      "no_curried_metavars": false,
      "no_curried_bodies": false,
      "inv_candidates": 1,
      "hole_choice": "DepthFirst",
      "cost": {
        "cost_lam": 1,
        "cost_app": 1,
        "cost_var": 100,
        "cost_ivar": 100,
        "cost_prim_default": 100,
        "cost_prim": "{\"app\":585,\"+\":79,\"-\":79}"
      },
      "no_mismatch_check": false,
      "follow": null,
      "follow_prune": false,
      "verbose_worklist": false,
      "verbose_best": true,
      "print_stats": 0,
      "show_rewritten": false,
      "rewritten_dreamcoder": false,
      "rewritten_intermediates": false,
      "inv_arg_cap": false,
      "allow_single_task": false,
      "no_opt_single_use": false,
      "no_opt_upper_bound": false,
      "no_opt_force_multiuse": false,
      "no_opt_useless_abstract": false,
      "no_opt_arity_zero": false,
      "no_other_util": false,
      "structure_penalty": 1.0,
      "rewrite_check": false,
      "utility_by_rewrite": false,
      "dreamcoder_comparison": false,
      "quiet": false,
      "fused_lambda_tags": {
        "tags": null
      },
      "tdfa": {
        "tdfa_json_path": null,
        "tdfa_root": null,
        "valid_metavars": null,
        "valid_roots": null,
        "tdfa_non_eta_long_states": null,
        "tdfa_split": null
      },
      "symvar": {
        "symvar_prefix": null
      }
    }
  },
  "original_cost": 17337,
  "final_cost": 1980,
  "compression_ratio": 8.756060606060606,
  "num_abstractions": 3,
  "original": [
    "(app Y (lam (lam (app (app (app if (app is_nil $0)) nil) (app (app cons (app (app + (app car $0)) (app car $0))) (app $1 (app cdr $0)))))))",
    "(app Y (lam (lam (app (app (app if (app is_nil $0)) nil) (app (app cons (app (app - (app car $0)) 1)) (app $1 (app cdr $0)))))))"
  ],
  "rewritten": [
    "(fn_0 Y (lam (lam (fn_1 $0 $1 (fn_2 $0 (fn_2 $0 +))))))",
    "(fn_0 Y (lam (lam (fn_1 $0 $1 (fn_0 (fn_2 $0 -) 1)))))"
  ],
  "rewritten_dreamcoder": null,
  "abstractions": [
    {
      "body": "app",
      "dreamcoder": "#app",
      "arity": 0,
      "name": "fn_0",
      "utility": 11540,
      "final_cost": 5212,
      "compression_ratio": 3.3263622409823483,
      "cumulative_compression_ratio": 3.3263622409823483,
      "num_uses": 25,
      "rewritten": null,
      "rewritten_dreamcoder": null,
      "uses": [
        {
          "fn_0 ": "app"
        }
      ],
      "dc_comparison_millis": null,
      "tdfa_annotation": null
    },
    {
      "body": "(fn_0 (fn_0 (fn_0 if (fn_0 is_nil #0)) nil) (fn_0 (fn_0 cons #2) (fn_0 #1 (fn_0 cdr #0))))",
      "dreamcoder": "#(lambda (lambda (lambda (#app (#app (#app if (#app is_nil $2)) nil) (#app (#app cons $0) (#app $1 (#app cdr $2)))))))",
      "arity": 3,
      "name": "fn_1",
      "utility": 1310,
      "final_cost": 2586,
      "compression_ratio": 2.0154679040989945,
      "cumulative_compression_ratio": 6.704176334106728,
      "num_uses": 2,
      "rewritten": null,
      "rewritten_dreamcoder": null,
      "uses": [
        {
          "fn_1 $0 $1 (fn_0 (fn_0 + (fn_0 car $0)) (fn_0 car $0))": "(fn_0 (fn_0 (fn_0 if (fn_0 is_nil $0)) nil) (fn_0 (fn_0 cons (fn_0 (fn_0 + (fn_0 car $0)) (fn_0 car $0))) (fn_0 $1 (fn_0 cdr $0))))"
        },
        {
          "fn_1 $0 $1 (fn_0 (fn_0 - (fn_0 car $0)) 1)": "(fn_0 (fn_0 (fn_0 if (fn_0 is_nil $0)) nil) (fn_0 (fn_0 cons (fn_0 (fn_0 - (fn_0 car $0)) 1)) (fn_0 $1 (fn_0 cdr $0))))"
        }
      ],
      "dc_comparison_millis": null,
      "tdfa_annotation": null
    },
    {
      "body": "(fn_0 #1 (fn_0 car #0))",
      "dreamcoder": "#(lambda (lambda (#app $0 (#app car $1))))",
      "arity": 2,
      "name": "fn_2",
      "utility": 302,
      "final_cost": 1980,
      "compression_ratio": 1.3060606060606061,
      "cumulative_compression_ratio": 8.756060606060606,
      "num_uses": 3,
      "rewritten": null,
      "rewritten_dreamcoder": null,
      "uses": [
        {
          "fn_2 $0 (fn_0 + (fn_0 car $0))": "(fn_0 (fn_0 + (fn_0 car $0)) (fn_0 car $0))"
        },
        {
          "fn_2 $0 +": "(fn_0 + (fn_0 car $0))"
        },
        {
          "fn_2 $0 -": "(fn_0 - (fn_0 car $0))"
        }
      ],
      "dc_comparison_millis": null,
      "tdfa_annotation": null
    }
  ]
}