{
  "cmd": "/home/kavi/mit/stitch/target/debug/deps/fuzz_symbol_weighting_test-07c6ce7ba98f4348",
  "args": {
    "iterations": 1,
    "abstraction_prefix": "fn_",
    "previous_abstractions": 0,
    "shuffle": false,
    "truncate": null,
    "no_opt": false,
    "silent": false,
    "verbose_rewrite": false,
    "step": {
      "max_arity": 3,
      "threads": 1,
      "no_stats": false,
      "batch": 1,
      "dynamic_batch": false,
      "eta_long": false,
      "no_curried_metavars": false,
      "no_curried_bodies": false,
      "inv_candidates": 1,
      "hole_choice": "DepthFirst",
      "cost": {
        "cost_lam": 1,
        "cost_app": 1,
        "cost_var": 100,
        "cost_ivar": 100,
        "cost_prim_default": 100,
        "cost_prim": "{\"nil\":286,\"cons\":547,\"Y\":17}"
      },
      "no_mismatch_check": false,
      "follow": null,
      "follow_prune": false,
      "verbose_worklist": false,
      "verbose_best": true,
      "print_stats": 0,
      "show_rewritten": false,
      "rewritten_dreamcoder": false,
      "rewritten_intermediates": false,
      "inv_arg_cap": false,
      "allow_single_task": false,
      "no_opt_single_use": false,
      "no_opt_upper_bound": false,
      "no_opt_force_multiuse": false,
      "no_opt_useless_abstract": false,
      "no_opt_arity_zero": false,
      "no_other_util": false,
      "structure_penalty": 1.0,
      "rewrite_check": false,
      "utility_by_rewrite": false,
      "dreamcoder_comparison": false,
      "quiet": false,
      "fused_lambda_tags": {
        "tags": null
      },
      "tdfa": {
        "tdfa_json_path": null,
        "tdfa_root": null,
        "valid_metavars": null,
        "valid_roots": null,
        "tdfa_non_eta_long_states": null,
        "tdfa_split": null
      },
      "symvar": {
        "symvar_prefix": null
      }
    }
  },
  "original_cost": 4435,
  "final_cost": 1553,
  "compression_ratio": 2.8557630392788154,
  "num_abstractions": 1,
  "original": [
    "(Y (lam (lam (if (nil? $0) nil (cons (+ 2 (car $0) (car $0)) (r (cdr $0)))))))",
    "(Y (lam (lam (if (nil? $0) nil (cons (- (car $0) (car $0) 3 (car $0) 4) (r (cdr $0)))))))"
  ],
  "rewritten": [
    "(Y (lam (lam (fn_0 $0 (car $0) (+ 2)))))",
    "(Y (lam (lam (fn_0 $0 4 (- (car $0) (car $0) 3)))))"
  ],
  "rewritten_dreamcoder": null,
  "abstractions": [
    {
      "body": "(if (nil? #0) nil (cons (#2 (car #0) #1) (r (cdr #0))))",
      "dreamcoder": "#(lambda (lambda (lambda (if (nil? $2) nil (cons ($0 (car $2) $1) (r (cdr $2)))))))",
      "arity": 3,
      "name": "fn_0",
      "utility": 1538,
      "final_cost": 1553,
      "compression_ratio": 2.8557630392788154,
      "cumulative_compression_ratio": 2.8557630392788154,
      "num_uses": 2,
      "rewritten": null,
      "rewritten_dreamcoder": null,
      "uses": [
        {
          "fn_0 $0 (car $0) (+ 2)": "(if (nil? $0) nil (cons (+ 2 (car $0) (car $0)) (r (cdr $0))))"
        },
        {
          "fn_0 $0 4 (- (car $0) (car $0) 3)": "(if (nil? $0) nil (cons (- (car $0) (car $0) 3 (car $0) 4) (r (cdr $0))))"
        }
      ],
      "dc_comparison_millis": null,
      "tdfa_annotation": null
    }
  ]
}