{
  "cmd": "/home/kavi/mit/stitch/target/debug/deps/fuzz_symbol_weighting_test-4586e884de5054b3",
  "args": {
    "iterations": 3,
    "abstraction_prefix": "fn_",
    "previous_abstractions": 0,
    "shuffle": false,
    "truncate": null,
    "no_opt": false,
    "silent": false,
    "verbose_rewrite": false,
    "step": {
      "max_arity": 3,
      "threads": 1,
      "no_stats": false,
      "batch": 1,
      "dynamic_batch": false,
      "eta_long": false,
      "no_curried_metavars": false,
      "no_curried_bodies": false,
      "inv_candidates": 1,
      "hole_choice": "DepthFirst",
      "cost": {
        "cost_lam": 1,
        "cost_app": 1,
        "cost_var": 100,
        "cost_ivar": 100,
        "cost_prim_default": 100,
        "cost_prim": "{\"cons\":35,\"car\":593,\"nil\":54}"
      },
      "no_mismatch_check": false,
      "follow": null,
      "follow_types": null,
      "follow_prune": false,
      "verbose_worklist": false,
      "verbose_best": true,
      "print_stats": 0,
      "show_rewritten": false,
      "rewritten_dreamcoder": false,
      "rewritten_intermediates": false,
      "inv_arg_cap": false,
      "allow_single_task": false,
      "no_opt_single_use": false,
      "no_opt_upper_bound": false,
      "no_opt_force_multiuse": false,
      "no_opt_useless_abstract": false,
      "no_opt_arity_zero": false,
      "no_other_util": false,
      "structure_penalty": 1.0,
      "rewrite_check": false,
      "utility_by_rewrite": false,
      "dreamcoder_comparison": false,
      "quiet": false,
      "fused_lambda_tags": {
        "tags": null
      },
      "tdfa": {
        "tdfa_json_path": null,
        "tdfa_root": null,
        "valid_metavars": null,
        "valid_roots": null,
        "tdfa_non_eta_long_states": null,
        "tdfa_split": null
      },
      "symvar": {
        "symvar_prefix": null
      }
    }
  },
  "original_cost": 5578,
  "final_cost": 1719,
  "compression_ratio": 3.244909831297266,
  "num_abstractions": 2,
  "original": [
    "(Y (lam (lam (if (nil? $0) nil (cons (+ 2 (car $0) (car $0)) (r (cdr $0)))))))",
    "(Y (lam (lam (if (nil? $0) nil (cons (- (car $0) (car $0) 3 (car $0) 4) (r (cdr $0)))))))"
  ],
  "rewritten": [
    "(Y (lam (lam (fn_1 $0 (fn_0 $0) (+ 2)))))",
    "(Y (lam (lam (fn_1 $0 4 (- (fn_0 $0) (fn_0 $0) 3)))))"
  ],
  "rewritten_dreamcoder": null,
  "abstractions": [
    {
      "body": "car",
      "dreamcoder": "#car",
      "arity": 0,
      "name": "fn_0",
      "utility": 1872,
      "final_cost": 3113,
      "compression_ratio": 1.7918406681657566,
      "cumulative_compression_ratio": 1.7918406681657566,
      "num_uses": 5,
      "rewritten": null,
      "rewritten_dreamcoder": null,
      "uses": [
        {
          "fn_0 ": "car"
        }
      ],
      "dc_comparison_millis": null,
      "tdfa_annotation": null,
      "variable_types": []
    },
    {
      "body": "(if (nil? #0) nil (cons (#2 (fn_0 #0) #1) (r (cdr #0))))",
      "dreamcoder": "#(lambda (lambda (lambda (if (nil? $2) nil (cons ($0 (#car $2) $1) (r (cdr $2)))))))",
      "arity": 3,
      "name": "fn_1",
      "utility": 794,
      "final_cost": 1719,
      "compression_ratio": 1.8109365910413031,
      "cumulative_compression_ratio": 3.244909831297266,
      "num_uses": 2,
      "rewritten": null,
      "rewritten_dreamcoder": null,
      "uses": [
        {
          "fn_1 $0 (fn_0 $0) (+ 2)": "(if (nil? $0) nil (cons (+ 2 (fn_0 $0) (fn_0 $0)) (r (cdr $0))))"
        },
        {
          "fn_1 $0 4 (- (fn_0 $0) (fn_0 $0) 3)": "(if (nil? $0) nil (cons (- (fn_0 $0) (fn_0 $0) 3 (fn_0 $0) 4) (r (cdr $0))))"
        }
      ],
      "dc_comparison_millis": null,
      "tdfa_annotation": null,
      "variable_types": [
        "M",
        "M",
        "M"
      ]
    }
  ]
}