{
  "cmd": "/home/kavi/mit/stitch/target/debug/deps/fuzz_symbol_weighting_test-07c6ce7ba98f4348",
  "args": {
    "iterations": 3,
    "abstraction_prefix": "fn_",
    "previous_abstractions": 0,
    "shuffle": false,
    "truncate": null,
    "no_opt": false,
    "silent": false,
    "verbose_rewrite": false,
    "step": {
      "max_arity": 3,
      "threads": 1,
      "no_stats": false,
      "batch": 1,
      "dynamic_batch": false,
      "eta_long": false,
      "no_curried_metavars": false,
      "no_curried_bodies": false,
      "inv_candidates": 1,
      "hole_choice": "DepthFirst",
      "cost": {
        "cost_lam": 1,
        "cost_app": 1,
        "cost_var": 100,
        "cost_ivar": 100,
        "cost_prim_default": 100,
        "cost_prim": "{\"app\":665,\"cons\":748,\"dec\":192}"
      },
      "no_mismatch_check": false,
      "follow": null,
      "follow_prune": false,
      "verbose_worklist": false,
      "verbose_best": true,
      "print_stats": 0,
      "show_rewritten": false,
      "rewritten_dreamcoder": false,
      "rewritten_intermediates": false,
      "inv_arg_cap": false,
      "allow_single_task": false,
      "no_opt_single_use": false,
      "no_opt_upper_bound": false,
      "no_opt_force_multiuse": false,
      "no_opt_useless_abstract": false,
      "no_opt_arity_zero": false,
      "no_other_util": false,
      "structure_penalty": 1.0,
      "rewrite_check": false,
      "utility_by_rewrite": false,
      "dreamcoder_comparison": false,
      "quiet": false,
      "fused_lambda_tags": {
        "tags": null
      },
      "tdfa": {
        "tdfa_json_path": null,
        "tdfa_root": null,
        "valid_metavars": null,
        "valid_roots": null,
        "tdfa_non_eta_long_states": null,
        "tdfa_split": null
      },
      "symvar": {
        "symvar_prefix": null
      }
    }
  },
  "original_cost": 19715,
  "final_cost": 1564,
  "compression_ratio": 12.60549872122762,
  "num_abstractions": 3,
  "original": [
    "(lam (app (app cons (app inc $0)) (app (app cons (app inc $0)) empty)))",
    "(lam (app (app cons (app dec $0)) (app (app cons (app dec $0)) empty)))",
    "(lam (app (app cons (app (app plus $0) $0)) (app (app cons (app (app plus $0) $0)) empty)))"
  ],
  "rewritten": [
    "(fn_2 inc)",
    "(fn_2 dec)",
    "(lam (fn_1 (app plus $0) $0))"
  ],
  "rewritten_dreamcoder": null,
  "abstractions": [
    {
      "body": "(app (app cons (app #1 #0)))",
      "dreamcoder": "#(lambda (lambda (app (app cons (app $0 $1)))))",
      "arity": 2,
      "name": "fn_0",
      "utility": 13128,
      "final_cost": 3839,
      "compression_ratio": 5.135451940609534,
      "cumulative_compression_ratio": 5.135451940609534,
      "num_uses": 6,
      "rewritten": null,
      "rewritten_dreamcoder": null,
      "uses": [
        {
          "fn_0 $0 (app plus $0)": "(app (app cons (app (app plus $0) $0)))"
        },
        {
          "fn_0 $0 dec": "(app (app cons (app dec $0)))"
        },
        {
          "fn_0 $0 inc": "(app (app cons (app inc $0)))"
        }
      ],
      "dc_comparison_millis": null,
      "tdfa_annotation": null
    },
    {
      "body": "(fn_0 #1 #0 (fn_0 #1 #0 empty))",
      "dreamcoder": "#(lambda (lambda (#(lambda (lambda (app (app cons (app $0 $1))))) $0 $1 (#(lambda (lambda (app (app cons (app $0 $1))))) $0 $1 empty))))",
      "arity": 2,
      "name": "fn_1",
      "utility": 1765,
      "final_cost": 1768,
      "compression_ratio": 2.1713800904977374,
      "cumulative_compression_ratio": 11.151018099547512,
      "num_uses": 3,
      "rewritten": null,
      "rewritten_dreamcoder": null,
      "uses": [
        {
          "fn_1 (app plus $0) $0": "(fn_0 $0 (app plus $0) (fn_0 $0 (app plus $0) empty))"
        },
        {
          "fn_1 dec $0": "(fn_0 $0 dec (fn_0 $0 dec empty))"
        },
        {
          "fn_1 inc $0": "(fn_0 $0 inc (fn_0 $0 inc empty))"
        }
      ],
      "dc_comparison_millis": null,
      "tdfa_annotation": null
    },
    {
      "body": "(lam (fn_1 #0 $0))",
      "dreamcoder": "#(lambda (lambda (#(lambda (lambda (#(lambda (lambda (app (app cons (app $0 $1))))) $0 $1 (#(lambda (lambda (app (app cons (app $0 $1))))) $0 $1 empty)))) $1 $0)))",
      "arity": 1,
      "name": "fn_2",
      "utility": 1,
      "final_cost": 1564,
      "compression_ratio": 1.1304347826086956,
      "cumulative_compression_ratio": 12.60549872122762,
      "num_uses": 3,
      "rewritten": null,
      "rewritten_dreamcoder": null,
      "uses": [
        {
          "fn_2 (app plus #0)": "(lam (fn_1 (app plus $0) $0))"
        },
        {
          "fn_2 dec": "(lam (fn_1 dec $0))"
        },
        {
          "fn_2 inc": "(lam (fn_1 inc $0))"
        }
      ],
      "dc_comparison_millis": null,
      "tdfa_annotation": null
    }
  ]
}