{
  "cmd": "/home/kavi/mit/stitch/target/debug/deps/fuzz_symbol_weighting_test-bb90388a4968aabc",
  "args": {
    "iterations": 3,
    "abstraction_prefix": "fn_",
    "previous_abstractions": 0,
    "shuffle": false,
    "truncate": null,
    "no_opt": false,
    "silent": false,
    "verbose_rewrite": false,
    "step": {
      "max_arity": 3,
      "threads": 1,
      "no_stats": false,
      "batch": 1,
      "dynamic_batch": false,
      "eta_long": false,
      "no_curried_metavars": false,
      "no_curried_bodies": false,
      "inv_candidates": 1,
      "hole_choice": "DepthFirst",
      "cost": {
        "cost_lam": 1,
        "cost_app": 1,
        "cost_var": 100,
        "cost_ivar": 100,
        "cost_prim_default": 100,
        "cost_prim": "{\"is_nil\":1080,\"app\":25,\"Y\":275}"
      },
      "no_mismatch_check": false,
      "follow": null,
      "follow_prune": false,
      "verbose_worklist": false,
      "verbose_best": true,
      "print_stats": 0,
      "show_rewritten": false,
      "rewritten_dreamcoder": false,
      "rewritten_intermediates": false,
      "inv_arg_cap": false,
      "allow_single_task": false,
      "no_opt_single_use": false,
      "no_opt_upper_bound": false,
      "no_opt_force_multiuse": false,
      "no_opt_useless_abstract": false,
      "no_opt_arity_zero": false,
      "no_other_util": false,
      "structure_penalty": 1.0,
      "rewrite_check": false,
      "utility_by_rewrite": false,
      "dreamcoder_comparison": false,
      "quiet": false,
      "fused_lambda_tags": {
        "tags": null
      },
      "tdfa": {
        "tdfa_json_path": null,
        "tdfa_root": null,
        "valid_metavars": null,
        "valid_roots": null,
        "tdfa_non_eta_long_states": null,
        "tdfa_split": null
      },
      "symvar": {
        "symvar_prefix": null
      }
    }
  },
  "original_cost": 5689,
  "final_cost": 1745,
  "compression_ratio": 3.2601719197707735,
  "num_abstractions": 3,
  "original": [
    "(app Y (lam (lam (app (app (app if (app is_nil $0)) nil) (app (app cons (app (app + (app car $0)) (app car $0))) (app $1 (app cdr $0)))))))",
    "(app Y (lam (lam (app (app (app if (app is_nil $0)) nil) (app (app cons (app (app - (app car $0)) 1)) (app $1 (app cdr $0)))))))"
  ],
  "rewritten": [
    "(fn_1 (lam (lam (fn_0 $0 $1 (fn_2 $0 (fn_2 $0 +))))))",
    "(fn_1 (lam (lam (fn_0 $0 $1 (app (fn_2 $0 -) 1)))))"
  ],
  "rewritten_dreamcoder": null,
  "abstractions": [
    {
      "body": "(app (app (app if (app is_nil #0)) nil) (app (app cons #2) (app #1 (app cdr #0))))",
      "dreamcoder": "#(lambda (lambda (lambda (app (app (app if (app is_nil $2)) nil) (app (app cons $0) (app $1 (app cdr $2)))))))",
      "arity": 3,
      "name": "fn_0",
      "utility": 1690,
      "final_cost": 2303,
      "compression_ratio": 2.4702561875814157,
      "cumulative_compression_ratio": 2.4702561875814157,
      "num_uses": 2,
      "rewritten": null,
      "rewritten_dreamcoder": null,
      "uses": [
        {
          "fn_0 $0 $1 (app (app + (app car $0)) (app car $0))": "(app (app (app if (app is_nil $0)) nil) (app (app cons (app (app + (app car $0)) (app car $0))) (app $1 (app cdr $0))))"
        },
        {
          "fn_0 $0 $1 (app (app - (app car $0)) 1)": "(app (app (app if (app is_nil $0)) nil) (app (app cons (app (app - (app car $0)) 1)) (app $1 (app cdr $0))))"
        }
      ],
      "dc_comparison_millis": null,
      "tdfa_annotation": null
    },
    {
      "body": "(app Y)",
      "dreamcoder": "#(app Y)",
      "arity": 0,
      "name": "fn_1",
      "utility": 101,
      "final_cost": 1901,
      "compression_ratio": 1.2114676486059968,
      "cumulative_compression_ratio": 2.9926354550236716,
      "num_uses": 2,
      "rewritten": null,
      "rewritten_dreamcoder": null,
      "uses": [
        {
          "fn_1 ": "(app Y)"
        }
      ],
      "dc_comparison_millis": null,
      "tdfa_annotation": null
    },
    {
      "body": "(app #1 (app car #0))",
      "dreamcoder": "#(lambda (lambda (app $0 (app car $1))))",
      "arity": 2,
      "name": "fn_2",
      "utility": 2,
      "final_cost": 1745,
      "compression_ratio": 1.0893982808022922,
      "cumulative_compression_ratio": 3.2601719197707735,
      "num_uses": 3,
      "rewritten": null,
      "rewritten_dreamcoder": null,
      "uses": [
        {
          "fn_2 $0 (app + (app car $0))": "(app (app + (app car $0)) (app car $0))"
        },
        {
          "fn_2 $0 +": "(app + (app car $0))"
        },
        {
          "fn_2 $0 -": "(app - (app car $0))"
        }
      ],
      "dc_comparison_millis": null,
      "tdfa_annotation": null
    }
  ]
}