{
  "cmd": "/home/kavi/mit/stitch/target/debug/deps/fuzz_symbol_weighting_test-07c6ce7ba98f4348",
  "args": {
    "iterations": 3,
    "abstraction_prefix": "fn_",
    "previous_abstractions": 0,
    "shuffle": false,
    "truncate": null,
    "no_opt": false,
    "silent": false,
    "verbose_rewrite": false,
    "step": {
      "max_arity": 3,
      "threads": 1,
      "no_stats": false,
      "batch": 1,
      "dynamic_batch": false,
      "eta_long": false,
      "no_curried_metavars": false,
      "no_curried_bodies": false,
      "inv_candidates": 1,
      "hole_choice": "DepthFirst",
      "cost": {
        "cost_lam": 1,
        "cost_app": 1,
        "cost_var": 100,
        "cost_ivar": 100,
        "cost_prim_default": 100,
        "cost_prim": "{\"+\":4,\"car\":1,\"app\":898}"
      },
      "no_mismatch_check": false,
      "follow": null,
      "follow_prune": false,
      "verbose_worklist": false,
      "verbose_best": true,
      "print_stats": 0,
      "show_rewritten": false,
      "rewritten_dreamcoder": false,
      "rewritten_intermediates": false,
      "inv_arg_cap": false,
      "allow_single_task": false,
      "no_opt_single_use": false,
      "no_opt_upper_bound": false,
      "no_opt_force_multiuse": false,
      "no_opt_useless_abstract": false,
      "no_opt_arity_zero": false,
      "no_other_util": false,
      "structure_penalty": 1.0,
      "rewrite_check": false,
      "utility_by_rewrite": false,
      "dreamcoder_comparison": false,
      "quiet": false,
      "fused_lambda_tags": {
        "tags": null
      },
      "tdfa": {
        "tdfa_json_path": null,
        "tdfa_root": null,
        "valid_metavars": null,
        "valid_roots": null,
        "tdfa_non_eta_long_states": null,
        "tdfa_split": null
      },
      "symvar": {
        "symvar_prefix": null
      }
    }
  },
  "original_cost": 14809,
  "final_cost": 815,
  "compression_ratio": 18.170552147239263,
  "num_abstractions": 2,
  "original": [
    "(lam (app (app cons (app (app + (app car $0)) (app car $0))) (app rec (app cdr $0))))",
    "(lam (app (app cons (app (app - (app car $0)) t1)) (app rec (app cdr $0))))"
  ],
  "rewritten": [
    "(lam (fn_1 $0 (fn_0 car $0) +))",
    "(lam (fn_1 $0 t1 -))"
  ],
  "rewritten_dreamcoder": null,
  "abstractions": [
    {
      "body": "app",
      "dreamcoder": "#app",
      "arity": 0,
      "name": "fn_0",
      "utility": 11072,
      "final_cost": 2839,
      "compression_ratio": 5.216273335681578,
      "cumulative_compression_ratio": 5.216273335681578,
      "num_uses": 15,
      "rewritten": null,
      "rewritten_dreamcoder": null,
      "uses": [
        {
          "fn_0 ": "app"
        }
      ],
      "dc_comparison_millis": null,
      "tdfa_annotation": null
    },
    {
      "body": "(fn_0 (fn_0 cons (fn_0 (fn_0 #2 (fn_0 car #0)) #1)) (fn_0 rec (fn_0 cdr #0)))",
      "dreamcoder": "#(lambda (lambda (lambda (#app (#app cons (#app (#app $0 (#app car $2)) $1)) (#app rec (#app cdr $2))))))",
      "arity": 3,
      "name": "fn_1",
      "utility": 1009,
      "final_cost": 815,
      "compression_ratio": 3.4834355828220858,
      "cumulative_compression_ratio": 18.170552147239263,
      "num_uses": 2,
      "rewritten": null,
      "rewritten_dreamcoder": null,
      "uses": [
        {
          "fn_1 $0 (fn_0 car $0) +": "(fn_0 (fn_0 cons (fn_0 (fn_0 + (fn_0 car $0)) (fn_0 car $0))) (fn_0 rec (fn_0 cdr $0)))"
        },
        {
          "fn_1 $0 t1 -": "(fn_0 (fn_0 cons (fn_0 (fn_0 - (fn_0 car $0)) t1)) (fn_0 rec (fn_0 cdr $0)))"
        }
      ],
      "dc_comparison_millis": null,
      "tdfa_annotation": null
    }
  ]
}